Component: ARM Compiler 5.06 update 4 (build 422) Tool: armlink [4d35d2]

==============================================================================

Section Cross References

    system_stm32f7xx.o(i.SystemCoreClockUpdate) refers to system_stm32f7xx.o(.data) for .data
    system_stm32f7xx.o(i.SystemCoreClockUpdate) refers to system_stm32f7xx.o(.constdata) for .constdata
    stm32f7xx_hal_rcc.o(i.HAL_RCC_ClockConfig) refers to stm32f7xx_hal.o(i.HAL_GetTick) for HAL_GetTick
    stm32f7xx_hal_rcc.o(i.HAL_RCC_ClockConfig) refers to stm32f7xx_hal_rcc.o(i.HAL_RCC_GetSysClockFreq) for HAL_RCC_GetSysClockFreq
    stm32f7xx_hal_rcc.o(i.HAL_RCC_ClockConfig) refers to stm32f7xx_hal.o(i.HAL_InitTick) for HAL_InitTick
    stm32f7xx_hal_rcc.o(i.HAL_RCC_ClockConfig) refers to system_stm32f7xx.o(.constdata) for AHBPrescTable
    stm32f7xx_hal_rcc.o(i.HAL_RCC_ClockConfig) refers to system_stm32f7xx.o(.data) for SystemCoreClock
    stm32f7xx_hal_rcc.o(i.HAL_RCC_DeInit) refers to system_stm32f7xx.o(.data) for SystemCoreClock
    stm32f7xx_hal_rcc.o(i.HAL_RCC_GetHCLKFreq) refers to system_stm32f7xx.o(.data) for SystemCoreClock
    stm32f7xx_hal_rcc.o(i.HAL_RCC_GetPCLK1Freq) refers to system_stm32f7xx.o(.data) for SystemCoreClock
    stm32f7xx_hal_rcc.o(i.HAL_RCC_GetPCLK1Freq) refers to system_stm32f7xx.o(.constdata) for APBPrescTable
    stm32f7xx_hal_rcc.o(i.HAL_RCC_GetPCLK2Freq) refers to system_stm32f7xx.o(.data) for SystemCoreClock
    stm32f7xx_hal_rcc.o(i.HAL_RCC_GetPCLK2Freq) refers to system_stm32f7xx.o(.constdata) for APBPrescTable
    stm32f7xx_hal_rcc.o(i.HAL_RCC_MCOConfig) refers to stm32f7xx_hal_gpio.o(i.HAL_GPIO_Init) for HAL_GPIO_Init
    stm32f7xx_hal_rcc.o(i.HAL_RCC_NMI_IRQHandler) refers to stm32f7xx_hal_rcc.o(i.HAL_RCC_CSSCallback) for HAL_RCC_CSSCallback
    stm32f7xx_hal_rcc.o(i.HAL_RCC_OscConfig) refers to stm32f7xx_hal.o(i.HAL_GetTick) for HAL_GetTick
    stm32f7xx_hal_flash_ex.o(i.FLASH_OB_BootAddressConfig) refers to stm32f7xx_hal_flash.o(i.FLASH_WaitForLastOperation) for FLASH_WaitForLastOperation
    stm32f7xx_hal_flash_ex.o(i.HAL_FLASHEx_Erase) refers to stm32f7xx_hal_flash.o(i.FLASH_WaitForLastOperation) for FLASH_WaitForLastOperation
    stm32f7xx_hal_flash_ex.o(i.HAL_FLASHEx_Erase) refers to stm32f7xx_hal_flash_ex.o(i.FLASH_MassErase) for FLASH_MassErase
    stm32f7xx_hal_flash_ex.o(i.HAL_FLASHEx_Erase) refers to stm32f7xx_hal_flash_ex.o(i.FLASH_Erase_Sector) for FLASH_Erase_Sector
    stm32f7xx_hal_flash_ex.o(i.HAL_FLASHEx_Erase) refers to stm32f7xx_hal_flash.o(.bss) for pFlash
    stm32f7xx_hal_flash_ex.o(i.HAL_FLASHEx_Erase_IT) refers to stm32f7xx_hal_flash_ex.o(i.FLASH_Erase_Sector) for FLASH_Erase_Sector
    stm32f7xx_hal_flash_ex.o(i.HAL_FLASHEx_Erase_IT) refers to stm32f7xx_hal_flash_ex.o(i.FLASH_MassErase) for FLASH_MassErase
    stm32f7xx_hal_flash_ex.o(i.HAL_FLASHEx_Erase_IT) refers to stm32f7xx_hal_flash.o(.bss) for pFlash
    stm32f7xx_hal_flash_ex.o(i.HAL_FLASHEx_OBGetConfig) refers to stm32f7xx_hal_flash_ex.o(i.FLASH_OB_GetBootAddress) for FLASH_OB_GetBootAddress
    stm32f7xx_hal_flash_ex.o(i.HAL_FLASHEx_OBProgram) refers to stm32f7xx_hal_flash.o(i.FLASH_WaitForLastOperation) for FLASH_WaitForLastOperation
    stm32f7xx_hal_flash_ex.o(i.HAL_FLASHEx_OBProgram) refers to stm32f7xx_hal_flash_ex.o(i.FLASH_OB_BootAddressConfig) for FLASH_OB_BootAddressConfig
    stm32f7xx_hal_flash_ex.o(i.HAL_FLASHEx_OBProgram) refers to stm32f7xx_hal_flash.o(.bss) for pFlash
    stm32f7xx_hal_rcc_ex.o(i.HAL_RCCEx_PeriphCLKConfig) refers to stm32f7xx_hal.o(i.HAL_GetTick) for HAL_GetTick
    stm32f7xx_hal_flash.o(i.FLASH_SetErrorCode) refers to stm32f7xx_hal_flash.o(.bss) for .bss
    stm32f7xx_hal_flash.o(i.FLASH_WaitForLastOperation) refers to stm32f7xx_hal.o(i.HAL_GetTick) for HAL_GetTick
    stm32f7xx_hal_flash.o(i.FLASH_WaitForLastOperation) refers to stm32f7xx_hal_flash.o(i.FLASH_SetErrorCode) for FLASH_SetErrorCode
    stm32f7xx_hal_flash.o(i.FLASH_WaitForLastOperation) refers to stm32f7xx_hal_flash.o(.bss) for .bss
    stm32f7xx_hal_flash.o(i.HAL_FLASH_GetError) refers to stm32f7xx_hal_flash.o(.bss) for .bss
    stm32f7xx_hal_flash.o(i.HAL_FLASH_IRQHandler) refers to stm32f7xx_hal_flash.o(i.HAL_FLASH_EndOfOperationCallback) for HAL_FLASH_EndOfOperationCallback
    stm32f7xx_hal_flash.o(i.HAL_FLASH_IRQHandler) refers to stm32f7xx_hal_flash_ex.o(i.FLASH_Erase_Sector) for FLASH_Erase_Sector
    stm32f7xx_hal_flash.o(i.HAL_FLASH_IRQHandler) refers to stm32f7xx_hal_flash.o(i.FLASH_SetErrorCode) for FLASH_SetErrorCode
    stm32f7xx_hal_flash.o(i.HAL_FLASH_IRQHandler) refers to stm32f7xx_hal_flash.o(i.HAL_FLASH_OperationErrorCallback) for HAL_FLASH_OperationErrorCallback
    stm32f7xx_hal_flash.o(i.HAL_FLASH_IRQHandler) refers to stm32f7xx_hal_flash.o(.bss) for .bss
    stm32f7xx_hal_flash.o(i.HAL_FLASH_OB_Launch) refers to stm32f7xx_hal_flash.o(i.FLASH_WaitForLastOperation) for FLASH_WaitForLastOperation
[...]
    Removing stm32f7xx_hal_pwr_ex.o(.rev16_text), (4 bytes).
    Removing stm32f7xx_hal_pwr_ex.o(.revsh_text), (4 bytes).
    Removing stm32f7xx_hal_pwr_ex.o(.rrx_text), (6 bytes).
    Removing stm32f7xx_hal_pwr_ex.o(i.HAL_PWREx_ControlVoltageScaling), (176 bytes).
    Removing stm32f7xx_hal_pwr_ex.o(i.HAL_PWREx_DisableBkUpReg), (64 bytes).
    Removing stm32f7xx_hal_pwr_ex.o(i.HAL_PWREx_DisableFlashPowerDown), (16 bytes).
    Removing stm32f7xx_hal_pwr_ex.o(i.HAL_PWREx_DisableLowRegulatorLowVoltage), (16 bytes).
    Removing stm32f7xx_hal_pwr_ex.o(i.HAL_PWREx_DisableMainRegulatorLowVoltage), (16 bytes).
    Removing stm32f7xx_hal_pwr_ex.o(i.HAL_PWREx_DisableOverDrive), (108 bytes).
    Removing stm32f7xx_hal_pwr_ex.o(i.HAL_PWREx_EnableBkUpReg), (64 bytes).
    Removing stm32f7xx_hal_pwr_ex.o(i.HAL_PWREx_EnableFlashPowerDown), (16 bytes).
    Removing stm32f7xx_hal_pwr_ex.o(i.HAL_PWREx_EnableLowRegulatorLowVoltage), (16 bytes).
    Removing stm32f7xx_hal_pwr_ex.o(i.HAL_PWREx_EnableMainRegulatorLowVoltage), (16 bytes).
    Removing stm32f7xx_hal_pwr_ex.o(i.HAL_PWREx_EnableOverDrive), (108 bytes).
    Removing stm32f7xx_hal_pwr_ex.o(i.HAL_PWREx_EnterUnderDriveSTOPMode), (144 bytes).
    Removing stm32f7xx_hal_pwr_ex.o(i.HAL_PWREx_GetVoltageRange), (16 bytes).
    Removing stm32f7xx_hal_adc.o(.rev16_text), (4 bytes).
    Removing stm32f7xx_hal_adc.o(.revsh_text), (4 bytes).
    Removing stm32f7xx_hal_adc.o(.rrx_text), (6 bytes).
    Removing stm32f7xx_hal_adc.o(i.ADC_DMAConvCplt), (98 bytes).
    Removing stm32f7xx_hal_adc.o(i.ADC_DMAError), (22 bytes).
    Removing stm32f7xx_hal_adc.o(i.ADC_DMAHalfConvCplt), (10 bytes).
    Removing stm32f7xx_hal_adc.o(i.HAL_ADC_AnalogWDGConfig), (112 bytes).
    Removing stm32f7xx_hal_adc.o(i.HAL_ADC_ConvCpltCallback), (2 bytes).
    Removing stm32f7xx_hal_adc.o(i.HAL_ADC_ConvHalfCpltCallback), (2 bytes).
    Removing stm32f7xx_hal_adc.o(i.HAL_ADC_DeInit), (58 bytes).
    Removing stm32f7xx_hal_adc.o(i.HAL_ADC_GetError), (4 bytes).
    Removing stm32f7xx_hal_adc.o(i.HAL_ADC_GetState), (4 bytes).
    Removing stm32f7xx_hal_adc.o(i.HAL_ADC_MspDeInit), (2 bytes).
    Removing stm32f7xx_hal_adc.o(i.HAL_ADC_MspInit), (2 bytes).
    Removing stm32f7xx_hal_adc.o(i.HAL_ADC_PollForConversion), (160 bytes).
    Removing stm32f7xx_hal_adc.o(i.HAL_ADC_PollForEvent), (108 bytes).
    Removing stm32f7xx_hal_adc.o(i.HAL_ADC_Start), (184 bytes).
    Removing stm32f7xx_hal_adc.o(i.HAL_ADC_Start_DMA), (252 bytes).
    Removing stm32f7xx_hal_adc.o(i.HAL_ADC_Stop), (60 bytes).
    Removing stm32f7xx_hal_adc.o(i.HAL_ADC_Stop_DMA), (88 bytes).
    Removing stm32f7xx_hal_adc.o(i.HAL_ADC_Stop_IT), (72 bytes).
    Removing stm32f7xx_hal_dma2d.o(.rev16_text), (4 bytes).
    Removing stm32f7xx_hal_dma2d.o(.revsh_text), (4 bytes).
    Removing stm32f7xx_hal_dma2d.o(.rrx_text), (6 bytes).
    Removing stm32f7xx_hal_dma2d.o(i.HAL_DMA2D_Abort), (96 bytes).
    Removing stm32f7xx_hal_dma2d.o(i.HAL_DMA2D_BlendingStart), (62 bytes).
    Removing stm32f7xx_hal_dma2d.o(i.HAL_DMA2D_BlendingStart_IT), (72 bytes).
    Removing stm32f7xx_hal_dma2d.o(i.HAL_DMA2D_CLUTLoad), (136 bytes).
    Removing stm32f7xx_hal_dma2d.o(i.HAL_DMA2D_CLUTLoad_IT), (156 bytes).
    Removing stm32f7xx_hal_dma2d.o(i.HAL_DMA2D_CLUTLoadingCpltCallback), (2 bytes).
    Removing stm32f7xx_hal_dma2d.o(i.HAL_DMA2D_CLUTLoading_Abort), (106 bytes).
    Removing stm32f7xx_hal_dma2d.o(i.HAL_DMA2D_CLUTLoading_Resume), (50 bytes).
    Removing stm32f7xx_hal_dma2d.o(i.HAL_DMA2D_CLUTLoading_Suspend), (110 bytes).
    Removing stm32f7xx_hal_dma2d.o(i.HAL_DMA2D_ConfigCLUT), (132 bytes).
    Removing stm32f7xx_hal_dma2d.o(i.HAL_DMA2D_ConfigDeadTime), (64 bytes).
    Removing stm32f7xx_hal_dma2d.o(i.HAL_DMA2D_DeInit), (112 bytes).
    Removing stm32f7xx_hal_dma2d.o(i.HAL_DMA2D_DisableDeadTime), (48 bytes).
    Removing stm32f7xx_hal_dma2d.o(i.HAL_DMA2D_EnableCLUT), (50 bytes).
    Removing stm32f7xx_hal_dma2d.o(i.HAL_DMA2D_EnableDeadTime), (48 bytes).
    Removing stm32f7xx_hal_dma2d.o(i.HAL_DMA2D_GetError), (4 bytes).
    Removing stm32f7xx_hal_dma2d.o(i.HAL_DMA2D_GetState), (6 bytes).
    Removing stm32f7xx_hal_dma2d.o(i.HAL_DMA2D_IRQHandler), (284 bytes).
    Removing stm32f7xx_hal_dma2d.o(i.HAL_DMA2D_LineEventCallback), (2 bytes).
    Removing stm32f7xx_hal_dma2d.o(i.HAL_DMA2D_MspDeInit), (2 bytes).
    Removing stm32f7xx_hal_dma2d.o(i.HAL_DMA2D_ProgramLineEvent), (62 bytes).
    Removing stm32f7xx_hal_dma2d.o(i.HAL_DMA2D_Resume), (28 bytes).
    Removing stm32f7xx_hal_dma2d.o(i.HAL_DMA2D_Start_IT), (62 bytes).
    Removing stm32f7xx_hal_dma2d.o(i.HAL_DMA2D_Suspend), (94 bytes).
    Removing stm32f7xx_hal_sdram.o(.rev16_text), (4 bytes).
    Removing stm32f7xx_hal_sdram.o(.revsh_text), (4 bytes).
    Removing stm32f7xx_hal_sdram.o(.rrx_text), (6 bytes).
    Removing stm32f7xx_hal_sdram.o(i.HAL_SDRAM_DMA_XferCpltCallback), (2 bytes).
    Removing stm32f7xx_hal_sdram.o(i.HAL_SDRAM_DMA_XferErrorCallback), (2 bytes).
    Removing stm32f7xx_hal_sdram.o(i.HAL_SDRAM_DeInit), (28 bytes).
    Removing stm32f7xx_hal_sdram.o(i.HAL_SDRAM_GetModeStatus), (8 bytes).
    Removing stm32f7xx_hal_sdram.o(i.HAL_SDRAM_GetState), (6 bytes).
    Removing stm32f7xx_hal_sdram.o(i.HAL_SDRAM_IRQHandler), (30 bytes).
    Removing stm32f7xx_hal_sdram.o(i.HAL_SDRAM_MspDeInit), (2 bytes).
    Removing stm32f7xx_hal_sdram.o(i.HAL_SDRAM_Read_16b), (66 bytes).
    Removing stm32f7xx_hal_sdram.o(i.HAL_SDRAM_Read_32b), (60 bytes).
    Removing stm32f7xx_hal_sdram.o(i.HAL_SDRAM_Read_8b), (66 bytes).
    Removing stm32f7xx_hal_sdram.o(i.HAL_SDRAM_Read_DMA), (72 bytes).
    Removing stm32f7xx_hal_sdram.o(i.HAL_SDRAM_RefreshErrorCallback), (2 bytes).
    Removing stm32f7xx_hal_sdram.o(i.HAL_SDRAM_SetAutoRefreshNumber), (34 bytes).
    Removing stm32f7xx_hal_sdram.o(i.HAL_SDRAM_WriteProtection_Disable), (36 bytes).
    Removing stm32f7xx_hal_sdram.o(i.HAL_SDRAM_WriteProtection_Enable), (36 bytes).
    Removing stm32f7xx_hal_sdram.o(i.HAL_SDRAM_Write_16b), (66 bytes).
    Removing stm32f7xx_hal_sdram.o(i.HAL_SDRAM_Write_32b), (60 bytes).
    Removing stm32f7xx_hal_sdram.o(i.HAL_SDRAM_Write_8b), (66 bytes).
    Removing stm32f7xx_hal_sdram.o(i.HAL_SDRAM_Write_DMA), (84 bytes).
    Removing stm32f7xx_ll_fmc.o(.rev16_text), (4 bytes).
    Removing stm32f7xx_ll_fmc.o(.revsh_text), (4 bytes).
    Removing stm32f7xx_ll_fmc.o(.rrx_text), (6 bytes).
    Removing stm32f7xx_ll_fmc.o(i.FMC_NAND_AttributeSpace_Timing_Init), (30 bytes).
    Removing stm32f7xx_ll_fmc.o(i.FMC_NAND_CommonSpace_Timing_Init), (30 bytes).
    Removing stm32f7xx_ll_fmc.o(i.FMC_NAND_DeInit), (30 bytes).
    Removing stm32f7xx_ll_fmc.o(i.FMC_NAND_ECC_Disable), (12 bytes).
    Removing stm32f7xx_ll_fmc.o(i.FMC_NAND_ECC_Enable), (12 bytes).
    Removing stm32f7xx_ll_fmc.o(i.FMC_NAND_GetECC), (56 bytes).
    Removing stm32f7xx_ll_fmc.o(i.FMC_NAND_Init), (52 bytes).
    Removing stm32f7xx_ll_fmc.o(i.FMC_NORSRAM_DeInit), (50 bytes).
    Removing stm32f7xx_ll_fmc.o(i.FMC_NORSRAM_Extended_Timing_Init), (64 bytes).
    Removing stm32f7xx_ll_fmc.o(i.FMC_NORSRAM_Init), (156 bytes).
    Removing stm32f7xx_ll_fmc.o(i.FMC_NORSRAM_Timing_Init), (100 bytes).
    Removing stm32f7xx_ll_fmc.o(i.FMC_NORSRAM_WriteOperation_Disable), (16 bytes).
    Removing stm32f7xx_ll_fmc.o(i.FMC_NORSRAM_WriteOperation_Enable), (16 bytes).
    Removing stm32f7xx_ll_fmc.o(i.FMC_SDRAM_DeInit), (32 bytes).
    Removing stm32f7xx_ll_fmc.o(i.FMC_SDRAM_GetModeStatus), (18 bytes).
    Removing stm32f7xx_ll_fmc.o(i.FMC_SDRAM_SetAutoRefreshNumber), (12 bytes).
    Removing stm32f7xx_ll_fmc.o(i.FMC_SDRAM_WriteProtection_Disable), (16 bytes).
    Removing stm32f7xx_ll_fmc.o(i.FMC_SDRAM_WriteProtection_Enable), (16 bytes).
    Removing stm32f7xx_hal_msp.o(.rev16_text), (4 bytes).
    Removing stm32f7xx_hal_msp.o(.revsh_text), (4 bytes).
    Removing stm32f7xx_hal_msp.o(.rrx_text), (6 bytes).
    Removing stm32f7xx_hal_msp.o(i.HAL_ADC_MspDeInit), (60 bytes).
    Removing stm32f7xx_hal_msp.o(i.HAL_LTDC_MspDeInit), (100 bytes).
    Removing stm32f7xx_hal_msp.o(i.HAL_UART_MspDeInit), (60 bytes).
    Removing main.o(.rev16_text), (4 bytes).
    Removing main.o(.revsh_text), (4 bytes).
    Removing main.o(.rrx_text), (6 bytes).
    Removing main.o(i._Error_Handler), (2 bytes).
    Removing main.o(.data), (1 bytes).
    Removing stm32f7xx_it.o(.rev16_text), (4 bytes).
    Removing stm32f7xx_it.o(.revsh_text), (4 bytes).
    Removing stm32f7xx_it.o(.rrx_text), (6 bytes).
    Removing startup_stm32f746xx.o(HEAP), (512 bytes).
    Removing stm32746g_discovery.o(.rev16_text), (4 bytes).
    Removing stm32746g_discovery.o(.revsh_text), (4 bytes).
    Removing stm32746g_discovery.o(.rrx_text), (6 bytes).
    Removing stm32746g_discovery.o(i.AUDIO_IO_DeInit), (2 bytes).
    Removing stm32746g_discovery.o(i.AUDIO_IO_Delay), (4 bytes).
    Removing stm32746g_discovery.o(i.AUDIO_IO_Init), (12 bytes).
    Removing stm32746g_discovery.o(i.AUDIO_IO_Read), (52 bytes).
    Removing stm32746g_discovery.o(i.AUDIO_IO_Write), (52 bytes).
    Removing stm32746g_discovery.o(i.BSP_COM_DeInit), (44 bytes).
    Removing stm32746g_discovery.o(i.BSP_COM_Init), (172 bytes).
    Removing stm32746g_discovery.o(i.BSP_GetVersion), (6 bytes).
    Removing stm32746g_discovery.o(i.BSP_LED_DeInit), (44 bytes).
    Removing stm32746g_discovery.o(i.BSP_LED_Off), (28 bytes).
    Removing stm32746g_discovery.o(i.BSP_LED_On), (28 bytes).
    Removing stm32746g_discovery.o(i.BSP_LED_Toggle), (28 bytes).
    Removing stm32746g_discovery.o(i.BSP_PB_DeInit), (48 bytes).
    Removing stm32746g_discovery.o(i.BSP_PB_GetState), (24 bytes).
    Removing stm32746g_discovery.o(i.BSP_PB_Init), (148 bytes).
    Removing stm32746g_discovery.o(i.CAMERA_Delay), (4 bytes).
    Removing stm32746g_discovery.o(i.CAMERA_IO_Init), (12 bytes).
    Removing stm32746g_discovery.o(i.CAMERA_IO_Read), (40 bytes).
    Removing stm32746g_discovery.o(i.CAMERA_IO_Write), (32 bytes).
    Removing stm32746g_discovery.o(i.EEPROM_IO_Init), (12 bytes).
    Removing stm32746g_discovery.o(i.EEPROM_IO_IsDeviceReady), (20 bytes).
    Removing stm32746g_discovery.o(i.EEPROM_IO_ReadData), (28 bytes).
    Removing stm32746g_discovery.o(i.EEPROM_IO_WriteData), (28 bytes).
    Removing stm32746g_discovery.o(i.I2Cx_Error), (18 bytes).
    Removing stm32746g_discovery.o(i.I2Cx_Init), (80 bytes).
    Removing stm32746g_discovery.o(i.I2Cx_MspInit), (292 bytes).
    Removing stm32746g_discovery.o(i.I2Cx_ReadMultiple), (42 bytes).
    Removing stm32746g_discovery.o(i.I2Cx_WriteMultiple), (42 bytes).
    Removing stm32746g_discovery.o(i.TS_IO_Delay), (4 bytes).
    Removing stm32746g_discovery.o(i.TS_IO_Init), (12 bytes).
    Removing stm32746g_discovery.o(i.TS_IO_Read), (40 bytes).
    Removing stm32746g_discovery.o(i.TS_IO_Write), (32 bytes).
    Removing stm32746g_discovery.o(.bss), (152 bytes).
    Removing stm32746g_discovery.o(.data), (24 bytes).
    Removing stm32746g_discovery_lcd.o(.rev16_text), (4 bytes).
    Removing stm32746g_discovery_lcd.o(.revsh_text), (4 bytes).
    Removing stm32746g_discovery_lcd.o(.rrx_text), (6 bytes).
    Removing stm32746g_discovery_lcd.o(i.BSP_LCD_ClearStringLine), (92 bytes).
    Removing stm32746g_discovery_lcd.o(i.BSP_LCD_DeInit), (44 bytes).
    Removing stm32746g_discovery_lcd.o(i.BSP_LCD_DisplayOff), (52 bytes).
    Removing stm32746g_discovery_lcd.o(i.BSP_LCD_DrawBitmap), (160 bytes).
    Removing stm32746g_discovery_lcd.o(i.BSP_LCD_DrawCircle), (280 bytes).
    Removing stm32746g_discovery_lcd.o(i.BSP_LCD_DrawEllipse), (284 bytes).
    Removing stm32746g_discovery_lcd.o(i.BSP_LCD_DrawHLine), (124 bytes).
    Removing stm32746g_discovery_lcd.o(i.BSP_LCD_DrawLine), (196 bytes).
    Removing stm32746g_discovery_lcd.o(i.BSP_LCD_DrawPolygon), (56 bytes).
    Removing stm32746g_discovery_lcd.o(i.BSP_LCD_DrawRect), (54 bytes).
    Removing stm32746g_discovery_lcd.o(i.BSP_LCD_DrawVLine), (136 bytes).
    Removing stm32746g_discovery_lcd.o(i.BSP_LCD_FillCircle), (196 bytes).
    Removing stm32746g_discovery_lcd.o(i.BSP_LCD_FillEllipse), (208 bytes).
    Removing stm32746g_discovery_lcd.o(i.BSP_LCD_FillPolygon), (276 bytes).
    Removing stm32746g_discovery_lcd.o(i.BSP_LCD_FillRect), (156 bytes).
    Removing stm32746g_discovery_lcd.o(i.BSP_LCD_GetBackColor), (28 bytes).
    Removing stm32746g_discovery_lcd.o(i.BSP_LCD_GetTextColor), (24 bytes).
    Removing stm32746g_discovery_lcd.o(i.BSP_LCD_LayerRgb565Init), (124 bytes).
    Removing stm32746g_discovery_lcd.o(i.BSP_LCD_MspDeInit), (96 bytes).
    Removing stm32746g_discovery_lcd.o(i.BSP_LCD_ReadPixel), (176 bytes).
    Removing stm32746g_discovery_lcd.o(i.BSP_LCD_Reload), (12 bytes).
    Removing stm32746g_discovery_lcd.o(i.BSP_LCD_ResetColorKeying), (12 bytes).
    Removing stm32746g_discovery_lcd.o(i.BSP_LCD_ResetColorKeying_NoReload), (12 bytes).
    Removing stm32746g_discovery_lcd.o(i.BSP_LCD_SetBackColor), (28 bytes).
    Removing stm32746g_discovery_lcd.o(i.BSP_LCD_SetColorKeying), (28 bytes).
    Removing stm32746g_discovery_lcd.o(i.BSP_LCD_SetColorKeying_NoReload), (28 bytes).
    Removing stm32746g_discovery_lcd.o(i.BSP_LCD_SetLayerAddress), (12 bytes).
    Removing stm32746g_discovery_lcd.o(i.BSP_LCD_SetLayerAddress_NoReload), (12 bytes).
    Removing stm32746g_discovery_lcd.o(i.BSP_LCD_SetLayerVisible), (44 bytes).
    Removing stm32746g_discovery_lcd.o(i.BSP_LCD_SetLayerVisible_NoReload), (36 bytes).
    Removing stm32746g_discovery_lcd.o(i.BSP_LCD_SetLayerWindow), (44 bytes).
    Removing stm32746g_discovery_lcd.o(i.BSP_LCD_SetLayerWindow_NoReload), (44 bytes).
    Removing stm32746g_discovery_lcd.o(i.BSP_LCD_SetTextColor), (24 bytes).
    Removing stm32746g_discovery_lcd.o(i.BSP_LCD_SetTransparency_NoReload), (12 bytes).
    Removing stm32746g_discovery_lcd.o(i.BSP_LCD_SetXSize), (32 bytes).
    Removing stm32746g_discovery_lcd.o(i.BSP_LCD_SetYSize), (32 bytes).
    Removing stm32746g_discovery_lcd.o(i.FillTriangle), (190 bytes).
    Removing stm32746g_discovery_lcd.o(i.LL_ConvertLineToARGB8888), (104 bytes).
    Removing stm32746g_discovery_lcd.o(.constdata), (3800 bytes).
    Removing stm32746g_discovery_lcd.o(.constdata), (3040 bytes).
    Removing stm32746g_discovery_lcd.o(.constdata), (1140 bytes).
    Removing stm32746g_discovery_lcd.o(.constdata), (760 bytes).
    Removing stm32746g_discovery_lcd.o(.data), (8 bytes).
    Removing stm32746g_discovery_lcd.o(.data), (8 bytes).
    Removing stm32746g_discovery_lcd.o(.data), (8 bytes).
    Removing stm32746g_discovery_lcd.o(.data), (8 bytes).
    Removing stm32746g_discovery_sdram.o(.rev16_text), (4 bytes).
    Removing stm32746g_discovery_sdram.o(.revsh_text), (4 bytes).
    Removing stm32746g_discovery_sdram.o(.rrx_text), (6 bytes).
    Removing stm32746g_discovery_sdram.o(i.BSP_SDRAM_DeInit), (52 bytes).
    Removing stm32746g_discovery_sdram.o(i.BSP_SDRAM_MspDeInit), (32 bytes).
    Removing stm32746g_discovery_sdram.o(i.BSP_SDRAM_ReadData), (28 bytes).
    Removing stm32746g_discovery_sdram.o(i.BSP_SDRAM_ReadData_DMA), (28 bytes).
    Removing stm32746g_discovery_sdram.o(i.BSP_SDRAM_Sendcmd), (28 bytes).
    Removing stm32746g_discovery_sdram.o(i.BSP_SDRAM_WriteData), (28 bytes).
    Removing stm32746g_discovery_sdram.o(i.BSP_SDRAM_WriteData_DMA), (28 bytes).
    Removing dadd.o(.text), (334 bytes).
    Removing dmul.o(.text), (228 bytes).
    Removing ddiv.o(.text), (222 bytes).
    Removing dfixul.o(.text), (48 bytes).
    Removing cdrcmple.o(.text), (48 bytes).
    Removing depilogue.o(.text), (186 bytes).

552 unused section(s) (total 46023 bytes) removed from the image.

==============================================================================

Image Symbol Table

    Local Symbols

    Symbol Name                              Value     Ov Type        Size  Object(Section)

    ../Drivers/STM32F7xx_HAL_Driver/Src/stm32f7xx_hal.c 0x00000000   Number         0  stm32f7xx_hal.o ABSOLUTE
    ../Drivers/STM32F7xx_HAL_Driver/Src/stm32f7xx_hal_adc.c 0x00000000   Number         0  stm32f7xx_hal_adc.o ABSOLUTE
    ../Drivers/STM32F7xx_HAL_Driver/Src/stm32f7xx_hal_adc_ex.c 0x00000000   Number         0  stm32f7xx_hal_adc_ex.o ABSOLUTE
    ../Drivers/STM32F7xx_HAL_Driver/Src/stm32f7xx_hal_cortex.c 0x00000000   Number         0  stm32f7xx_hal_cortex.o ABSOLUTE
    ../Drivers/STM32F7xx_HAL_Driver/Src/stm32f7xx_hal_dma.c 0x00000000   Number         0  stm32f7xx_hal_dma.o ABSOLUTE
    ../Drivers/STM32F7xx_HAL_Driver/Src/stm32f7xx_hal_dma_ex.c 0x00000000   Number         0  stm32f7xx_hal_dma_ex.o ABSOLUTE
    ../Drivers/STM32F7xx_HAL_Driver/Src/stm32f7xx_hal_dsi.c 0x00000000   Number         0  stm32f7xx_hal_dsi.o ABSOLUTE
    ../Drivers/STM32F7xx_HAL_Driver/Src/stm32f7xx_hal_flash.c 0x00000000   Number         0  stm32f7xx_hal_flash.o ABSOLUTE
    ../Drivers/STM32F7xx_HAL_Driver/Src/stm32f7xx_hal_flash_ex.c 0x00000000   Number         0  stm32f7xx_hal_flash_ex.o ABSOLUTE
    ../Drivers/STM32F7xx_HAL_Driver/Src/stm32f7xx_hal_gpio.c 0x00000000   Number         0  stm32f7xx_hal_gpio.o ABSOLUTE
    ../Drivers/STM32F7xx_HAL_Driver/Src/stm32f7xx_hal_i2c.c 0x00000000   Number         0  stm32f7xx_hal_i2c.o ABSOLUTE
    ../Drivers/STM32F7xx_HAL_Driver/Src/stm32f7xx_hal_i2c_ex.c 0x00000000   Number         0  stm32f7xx_hal_i2c_ex.o ABSOLUTE
    ../Drivers/STM32F7xx_HAL_Driver/Src/stm32f7xx_hal_ltdc.c 0x00000000   Number         0  stm32f7xx_hal_ltdc.o ABSOLUTE
    ../Drivers/STM32F7xx_HAL_Driver/Src/stm32f7xx_hal_ltdc_ex.c 0x00000000   Number         0  stm32f7xx_hal_ltdc_ex.o ABSOLUTE
    ../Drivers/STM32F7xx_HAL_Driver/Src/stm32f7xx_hal_pwr.c 0x00000000   Number         0  stm32f7xx_hal_pwr.o ABSOLUTE
    ../Drivers/STM32F7xx_HAL_Driver/Src/stm32f7xx_hal_pwr_ex.c 0x00000000   Number         0  stm32f7xx_hal_pwr_ex.o ABSOLUTE
    ../Drivers/STM32F7xx_HAL_Driver/Src/stm32f7xx_hal_rcc.c 0x00000000   Number         0  stm32f7xx_hal_rcc.o ABSOLUTE
    ../Drivers/STM32F7xx_HAL_Driver/Src/stm32f7xx_hal_rcc_ex.c 0x00000000   Number         0  stm32f7xx_hal_rcc_ex.o ABSOLUTE
    ../Drivers/STM32F7xx_HAL_Driver/Src/stm32f7xx_hal_tim.c 0x00000000   Number         0  stm32f7xx_hal_tim.o ABSOLUTE
    ../Drivers/STM32F7xx_HAL_Driver/Src/stm32f7xx_hal_tim_ex.c 0x00000000   Number         0  stm32f7xx_hal_tim_ex.o ABSOLUTE
    ../Drivers/STM32F7xx_HAL_Driver/Src/stm32f7xx_hal_uart.c 0x00000000   Number         0  stm32f7xx_hal_uart.o ABSOLUTE
    ../Src/main.c                            0x00000000   Number         0  main.o ABSOLUTE
    ../Src/stm32f7xx_hal_msp.c               0x00000000   Number         0  stm32f7xx_hal_msp.o ABSOLUTE
    ../Src/stm32f7xx_it.c                    0x00000000   Number         0  stm32f7xx_it.o ABSOLUTE
    ../Src/system_stm32f7xx.c                0x00000000   Number         0  system_stm32f7xx.o ABSOLUTE
    ../clib/microlib/division.c              0x00000000   Number         0  uidiv.o ABSOLUTE
    ../clib/microlib/division.c              0x00000000   Number         0  uldiv.o ABSOLUTE
    ../clib/microlib/init/entry.s            0x00000000   Number         0  entry2.o ABSOLUTE
    ../clib/microlib/init/entry.s            0x00000000   Number         0  entry5.o ABSOLUTE
    ../clib/microlib/init/entry.s            0x00000000   Number         0  entry7a.o ABSOLUTE
    ../clib/microlib/init/entry.s            0x00000000   Number         0  entry11a.o ABSOLUTE
    ../clib/microlib/init/entry.s            0x00000000   Number         0  entry10b.o ABSOLUTE
    ../clib/microlib/init/entry.s            0x00000000   Number         0  entry9a.o ABSOLUTE
    ../clib/microlib/init/entry.s            0x00000000   Number         0  entry8b.o ABSOLUTE
    ../clib/microlib/init/entry.s            0x00000000   Number         0  entry.o ABSOLUTE
    ../clib/microlib/init/entry.s            0x00000000   Number         0  entry8a.o ABSOLUTE
    ../clib/microlib/init/entry.s            0x00000000   Number         0  entry11b.o ABSOLUTE
    ../clib/microlib/init/entry.s            0x00000000   Number         0  entry7b.o ABSOLUTE
    ../clib/microlib/init/entry.s            0x00000000   Number         0  entry10a.o ABSOLUTE
    ../clib/microlib/init/entry.s            0x00000000   Number         0  entry9b.o ABSOLUTE
    ../clib/microlib/longlong.c              0x00000000   Number         0  llshl.o ABSOLUTE
    ../clib/microlib/longlong.c              0x00000000   Number         0  llushr.o ABSOLUTE
    ../clib/microlib/longlong.c              0x00000000   Number         0  llsshr.o ABSOLUTE
    ../clib/microlib/printf/printf.c         0x00000000   Number         0  printf3.o ABSOLUTE
    ../clib/microlib/printf/printf.c         0x00000000   Number         0  printf2.o ABSOLUTE
    ../clib/microlib/printf/printf.c         0x00000000   Number         0  printf1.o ABSOLUTE
    ../clib/microlib/printf/printf.c         0x00000000   Number         0  printf0.o ABSOLUTE
    ../clib/microlib/printf/printf.c         0x00000000   Number         0  printf4.o ABSOLUTE
    ../clib/microlib/printf/printf.c         0x00000000   Number         0  printfb.o ABSOLUTE
    ../clib/microlib/printf/printf.c         0x00000000   Number         0  printf6.o ABSOLUTE
    ../clib/microlib/printf/printf.c         0x00000000   Number         0  printf7.o ABSOLUTE
    ../clib/microlib/printf/printf.c         0x00000000   Number         0  printf8.o ABSOLUTE
    ../clib/microlib/printf/printf.c         0x00000000   Number         0  printfa.o ABSOLUTE
    ../clib/microlib/printf/printf.c         0x00000000   Number         0  printf5.o ABSOLUTE
    ../clib/microlib/printf/stubs.s          0x00000000   Number         0  stubs.o ABSOLUTE
    ../clib/microlib/stdio/fputc.c           0x00000000   Number         0  fputc.o ABSOLUTE
    ../clib/microlib/stdio/semi.s            0x00000000   Number         0  semi.o ABSOLUTE
    ../clib/microlib/stdio/streams.c         0x00000000   Number         0  stdout.o ABSOLUTE
    ../clib/microlib/string/memcpy.c         0x00000000   Number         0  memcpyb.o ABSOLUTE
    ../clib/microlib/string/memcpy.c         0x00000000   Number         0  memcpya.o ABSOLUTE
    ../clib/microlib/stubs.s                 0x00000000   Number         0  iusefp.o ABSOLUTE
    ../clib/microlib/stubs.s                 0x00000000   Number         0  iusesemip.o ABSOLUTE
    ../fplib/microlib/fpadd.c                0x00000000   Number         0  dadd.o ABSOLUTE
    ../fplib/microlib/fpdiv.c                0x00000000   Number         0  ddiv.o ABSOLUTE
    ../fplib/microlib/fpepilogue.c           0x00000000   Number         0  depilogue.o ABSOLUTE
    ../fplib/microlib/fpfix.c                0x00000000   Number         0  dfixul.o ABSOLUTE
    ../fplib/microlib/fpmul.c                0x00000000   Number         0  dmul.o ABSOLUTE
    ..\Drivers\BSP\STM32746G-Discovery\stm32746g_discovery.c 0x00000000   Number         0  stm32746g_discovery.o ABSOLUTE
    ..\Drivers\BSP\STM32746G-Discovery\stm32746g_discovery_lcd.c 0x00000000   Number         0  stm32746g_discovery_lcd.o ABSOLUTE
    ..\Drivers\BSP\STM32746G-Discovery\stm32746g_discovery_sdram.c 0x00000000   Number         0  stm32746g_discovery_sdram.o ABSOLUTE
    ..\Drivers\STM32F7xx_HAL_Driver\Src\stm32f7xx_hal.c 0x00000000   Number         0  stm32f7xx_hal.o ABSOLUTE
    ..\Drivers\STM32F7xx_HAL_Driver\Src\stm32f7xx_hal_adc.c 0x00000000   Number         0  stm32f7xx_hal_adc.o ABSOLUTE
    ..\Drivers\STM32F7xx_HAL_Driver\Src\stm32f7xx_hal_adc_ex.c 0x00000000   Number         0  stm32f7xx_hal_adc_ex.o ABSOLUTE
    ..\Drivers\STM32F7xx_HAL_Driver\Src\stm32f7xx_hal_cortex.c 0x00000000   Number         0  stm32f7xx_hal_cortex.o ABSOLUTE
    ..\Drivers\STM32F7xx_HAL_Driver\Src\stm32f7xx_hal_dma.c 0x00000000   Number         0  stm32f7xx_hal_dma.o ABSOLUTE
    ..\Drivers\STM32F7xx_HAL_Driver\Src\stm32f7xx_hal_dma2d.c 0x00000000   Number         0  stm32f7xx_hal_dma2d.o ABSOLUTE
    ..\Drivers\STM32F7xx_HAL_Driver\Src\stm32f7xx_hal_dma_ex.c 0x00000000   Number         0  stm32f7xx_hal_dma_ex.o ABSOLUTE
    ..\Drivers\STM32F7xx_HAL_Driver\Src\stm32f7xx_hal_dsi.c 0x00000000   Number         0  stm32f7xx_hal_dsi.o ABSOLUTE
    ..\Drivers\STM32F7xx_HAL_Driver\Src\stm32f7xx_hal_flash.c 0x00000000   Number         0  stm32f7xx_hal_flash.o ABSOLUTE
    ..\Drivers\STM32F7xx_HAL_Driver\Src\stm32f7xx_hal_flash_ex.c 0x00000000   Number         0  stm32f7xx_hal_flash_ex.o ABSOLUTE
    ..\Drivers\STM32F7xx_HAL_Driver\Src\stm32f7xx_hal_gpio.c 0x00000000   Number         0  stm32f7xx_hal_gpio.o ABSOLUTE
    ..\Drivers\STM32F7xx_HAL_Driver\Src\stm32f7xx_hal_i2c.c 0x00000000   Number         0  stm32f7xx_hal_i2c.o ABSOLUTE
    ..\Drivers\STM32F7xx_HAL_Driver\Src\stm32f7xx_hal_i2c_ex.c 0x00000000   Number         0  stm32f7xx_hal_i2c_ex.o ABSOLUTE
    ..\Drivers\STM32F7xx_HAL_Driver\Src\stm32f7xx_hal_ltdc.c 0x00000000   Number         0  stm32f7xx_hal_ltdc.o ABSOLUTE
    ..\Drivers\STM32F7xx_HAL_Driver\Src\stm32f7xx_hal_ltdc_ex.c 0x00000000   Number         0  stm32f7xx_hal_ltdc_ex.o ABSOLUTE
    ..\Drivers\STM32F7xx_HAL_Driver\Src\stm32f7xx_hal_pwr.c 0x00000000   Number         0  stm32f7xx_hal_pwr.o ABSOLUTE
    ..\Drivers\STM32F7xx_HAL_Driver\Src\stm32f7xx_hal_pwr_ex.c 0x00000000   Number         0  stm32f7xx_hal_pwr_ex.o ABSOLUTE
    ..\Drivers\STM32F7xx_HAL_Driver\Src\stm32f7xx_hal_rcc.c 0x00000000   Number         0  stm32f7xx_hal_rcc.o ABSOLUTE
    ..\Drivers\STM32F7xx_HAL_Driver\Src\stm32f7xx_hal_rcc_ex.c 0x00000000   Number         0  stm32f7xx_hal_rcc_ex.o ABSOLUTE
    ..\Drivers\STM32F7xx_HAL_Driver\Src\stm32f7xx_hal_sdram.c 0x00000000   Number         0  stm32f7xx_hal_sdram.o ABSOLUTE
    ..\Drivers\STM32F7xx_HAL_Driver\Src\stm32f7xx_hal_tim.c 0x00000000   Number         0  stm32f7xx_hal_tim.o ABSOLUTE
    ..\Drivers\STM32F7xx_HAL_Driver\Src\stm32f7xx_hal_tim_ex.c 0x00000000   Number         0  stm32f7xx_hal_tim_ex.o ABSOLUTE
    ..\Drivers\STM32F7xx_HAL_Driver\Src\stm32f7xx_hal_uart.c 0x00000000   Number         0  stm32f7xx_hal_uart.o ABSOLUTE
    ..\Drivers\STM32F7xx_HAL_Driver\Src\stm32f7xx_ll_fmc.c 0x00000000   Number         0  stm32f7xx_ll_fmc.o ABSOLUTE
    ..\Src\main.c                            0x00000000   Number         0  main.o ABSOLUTE
    ..\Src\stm32f7xx_hal_msp.c               0x00000000   Number         0  stm32f7xx_hal_msp.o ABSOLUTE
    ..\Src\stm32f7xx_it.c                    0x00000000   Number         0  stm32f7xx_it.o ABSOLUTE
    ..\Src\system_stm32f7xx.c                0x00000000   Number         0  system_stm32f7xx.o ABSOLUTE
    ..\\Drivers\\BSP\\STM32746G-Discovery\\stm32746g_discovery.c 0x00000000   Number         0  stm32746g_discovery.o ABSOLUTE
    ..\\Drivers\\BSP\\STM32746G-Discovery\\stm32746g_discovery_lcd.c 0x00000000   Number         0  stm32746g_discovery_lcd.o ABSOLUTE
    ..\\Drivers\\BSP\\STM32746G-Discovery\\stm32746g_discovery_sdram.c 0x00000000   Number         0  stm32746g_discovery_sdram.o ABSOLUTE
    ..\\Drivers\\STM32F7xx_HAL_Driver\\Src\\stm32f7xx_hal_dma2d.c 0x00000000   Number         0  stm32f7xx_hal_dma2d.o ABSOLUTE
    ..\\Drivers\\STM32F7xx_HAL_Driver\\Src\\stm32f7xx_hal_sdram.c 0x00000000   Number         0  stm32f7xx_hal_sdram.o ABSOLUTE
    ..\\Drivers\\STM32F7xx_HAL_Driver\\Src\\stm32f7xx_ll_fmc.c 0x00000000   Number         0  stm32f7xx_ll_fmc.o ABSOLUTE
    cdrcmple.s                               0x00000000   Number         0  cdrcmple.o ABSOLUTE
    dc.s                                     0x00000000   Number         0  dc.o ABSOLUTE
    handlers.s                               0x00000000   Number         0  handlers.o ABSOLUTE
    init.s                                   0x00000000   Number         0  init.o ABSOLUTE
    startup_stm32f746xx.s                    0x00000000   Number         0  startup_stm32f746xx.o ABSOLUTE
    RESET                                    0x08000000   Section      456  startup_stm32f746xx.o(RESET)
    .ARM.Collect$$$$00000000                 0x080001c8   Section        0  entry.o(.ARM.Collect$$$$00000000)
    .ARM.Collect$$$$00000001                 0x080001c8   Section        4  entry2.o(.ARM.Collect$$$$00000001)
    .ARM.Collect$$$$00000004                 0x080001cc   Section        4  entry5.o(.ARM.Collect$$$$00000004)
    .ARM.Collect$$$$00000008                 0x080001d0   Section        0  entry7b.o(.ARM.Collect$$$$00000008)
    .ARM.Collect$$$$0000000A                 0x080001d0   Section        0  entry8b.o(.ARM.Collect$$$$0000000A)
    .ARM.Collect$$$$0000000B                 0x080001d0   Section        8  entry9a.o(.ARM.Collect$$$$0000000B)
    .ARM.Collect$$$$0000000D                 0x080001d8   Section        0  entry10a.o(.ARM.Collect$$$$0000000D)
    .ARM.Collect$$$$0000000F                 0x080001d8   Section        0  entry11a.o(.ARM.Collect$$$$0000000F)
    .ARM.Collect$$$$00002712                 0x080001d8   Section        4  entry2.o(.ARM.Collect$$$$00002712)
    __lit__00000000                          0x080001d8   Data           4  entry2.o(.ARM.Collect$$$$00002712)
    .text                                    0x080001dc   Section       36  startup_stm32f746xx.o(.text)
    $v0                                      0x080001dc   Number         0  startup_stm32f746xx.o(.text)
    .text                                    0x08000200   Section        0  memcpya.o(.text)
    .text                                    0x08000224   Section        0  uidiv.o(.text)
    .text                                    0x08000250   Section       36  init.o(.text)
    i.ADC_IRQHandler                         0x08000274   Section        0  stm32f7xx_it.o(i.ADC_IRQHandler)
    i.ADC_Init                               0x08000280   Section        0  stm32f7xx_hal_adc.o(i.ADC_Init)
    ADC_Init                                 0x08000281   Thumb Code   302  stm32f7xx_hal_adc.o(i.ADC_Init)
    i.BSP_LCD_Clear                          0x080003b8   Section        0  stm32746g_discovery_lcd.o(i.BSP_LCD_Clear)
    i.BSP_LCD_ClockConfig                    0x080003f0   Section        0  stm32746g_discovery_lcd.o(i.BSP_LCD_ClockConfig)
    i.BSP_LCD_DisplayChar                    0x08000410   Section        0  stm32746g_discovery_lcd.o(i.BSP_LCD_DisplayChar)
    i.BSP_LCD_DisplayOn                      0x08000444   Section        0  stm32746g_discovery_lcd.o(i.BSP_LCD_DisplayOn)
    i.BSP_LCD_DisplayStringAt                0x08000478   Section        0  stm32746g_discovery_lcd.o(i.BSP_LCD_DisplayStringAt)
    i.BSP_LCD_DisplayStringAtLine            0x08000540   Section        0  stm32746g_discovery_lcd.o(i.BSP_LCD_DisplayStringAtLine)
    i.BSP_LCD_DrawPixel                      0x0800055c   Section        0  stm32746g_discovery_lcd.o(i.BSP_LCD_DrawPixel)
    i.BSP_LCD_GetFont                        0x080005c0   Section        0  stm32746g_discovery_lcd.o(i.BSP_LCD_GetFont)
    i.BSP_LCD_GetXSize                       0x080005dc   Section        0  stm32746g_discovery_lcd.o(i.BSP_LCD_GetXSize)
    i.BSP_LCD_GetYSize                       0x080005fc   Section        0  stm32746g_discovery_lcd.o(i.BSP_LCD_GetYSize)
    i.BSP_LCD_Init                           0x0800061c   Section        0  stm32746g_discovery_lcd.o(i.BSP_LCD_Init)
    i.BSP_LCD_LayerDefaultInit               0x080006c0   Section        0  stm32746g_discovery_lcd.o(i.BSP_LCD_LayerDefaultInit)
    i.BSP_LCD_MspInit                        0x08000738   Section        0  stm32746g_discovery_lcd.o(i.BSP_LCD_MspInit)
    i.BSP_LCD_SelectLayer                    0x08000870   Section        0  stm32746g_discovery_lcd.o(i.BSP_LCD_SelectLayer)
    i.BSP_LCD_SetFont                        0x0800087c   Section        0  stm32746g_discovery_lcd.o(i.BSP_LCD_SetFont)
    i.BSP_LCD_SetTransparency                0x08000898   Section        0  stm32746g_discovery_lcd.o(i.BSP_LCD_SetTransparency)
    i.BSP_LED_Init                           0x080008a4   Section        0  stm32746g_discovery.o(i.BSP_LED_Init)
    i.BSP_SDRAM_Init                         0x080008f4   Section        0  stm32746g_discovery_sdram.o(i.BSP_SDRAM_Init)
    i.BSP_SDRAM_Initialization_sequence      0x0800096c   Section        0  stm32746g_discovery_sdram.o(i.BSP_SDRAM_Initialization_sequence)
    i.BSP_SDRAM_MspInit                      0x080009f8   Section        0  stm32746g_discovery_sdram.o(i.BSP_SDRAM_MspInit)
    i.DMA2D_SetConfig                        0x08000b60   Section        0  stm32f7xx_hal_dma2d.o(i.DMA2D_SetConfig)
    DMA2D_SetConfig                          0x08000b61   Thumb Code   156  stm32f7xx_hal_dma2d.o(i.DMA2D_SetConfig)
    i.DMA_CalcBaseAndBitshift                0x08000c00   Section        0  stm32f7xx_hal_dma.o(i.DMA_CalcBaseAndBitshift)
    DMA_CalcBaseAndBitshift                  0x08000c01   Thumb Code    34  stm32f7xx_hal_dma.o(i.DMA_CalcBaseAndBitshift)
    i.DMA_CheckFifoParam                     0x08000c28   Section        0  stm32f7xx_hal_dma.o(i.DMA_CheckFifoParam)
    DMA_CheckFifoParam                       0x08000c29   Thumb Code    84  stm32f7xx_hal_dma.o(i.DMA_CheckFifoParam)
    i.DrawChar                               0x08000c7c   Section        0  stm32746g_discovery_lcd.o(i.DrawChar)
    DrawChar                                 0x08000c7d   Thumb Code   168  stm32746g_discovery_lcd.o(i.DrawChar)
    i.FMC_SDRAM_Init                         0x08000d2c   Section        0  stm32f7xx_ll_fmc.o(i.FMC_SDRAM_Init)
    i.FMC_SDRAM_ProgramRefreshRate           0x08000d8a   Section        0  stm32f7xx_ll_fmc.o(i.FMC_SDRAM_ProgramRefreshRate)
    i.FMC_SDRAM_SendCommand                  0x08000d96   Section        0  stm32f7xx_ll_fmc.o(i.FMC_SDRAM_SendCommand)
    i.FMC_SDRAM_Timing_Init                  0x08000de0   Section        0  stm32f7xx_ll_fmc.o(i.FMC_SDRAM_Timing_Init)
    i.HAL_ADCEx_InjectedConvCpltCallback     0x08000e6c   Section        0  stm32f7xx_hal_adc_ex.o(i.HAL_ADCEx_InjectedConvCpltCallback)
    i.HAL_ADC_ConfigChannel                  0x08000e70   Section        0  stm32f7xx_hal_adc.o(i.HAL_ADC_ConfigChannel)
    i.HAL_ADC_ConvCpltCallback               0x08000fd4   Section        0  main.o(i.HAL_ADC_ConvCpltCallback)
    i.HAL_ADC_ErrorCallback                  0x0800101c   Section        0  stm32f7xx_hal_adc.o(i.HAL_ADC_ErrorCallback)
    i.HAL_ADC_GetValue                       0x0800101e   Section        0  stm32f7xx_hal_adc.o(i.HAL_ADC_GetValue)
    i.HAL_ADC_IRQHandler                     0x08001024   Section        0  stm32f7xx_hal_adc.o(i.HAL_ADC_IRQHandler)
    i.HAL_ADC_Init                           0x08001160   Section        0  stm32f7xx_hal_adc.o(i.HAL_ADC_Init)
    i.HAL_ADC_LevelOutOfWindowCallback       0x080011b4   Section        0  stm32f7xx_hal_adc.o(i.HAL_ADC_LevelOutOfWindowCallback)
    i.HAL_ADC_MspInit                        0x080011b8   Section        0  stm32f7xx_hal_msp.o(i.HAL_ADC_MspInit)
    i.HAL_ADC_Start_IT                       0x08001220   Section        0  stm32f7xx_hal_adc.o(i.HAL_ADC_Start_IT)
    i.HAL_DMA2D_ConfigLayer                  0x080012e4   Section        0  stm32f7xx_hal_dma2d.o(i.HAL_DMA2D_ConfigLayer)
    i.HAL_DMA2D_Init                         0x0800139c   Section        0  stm32f7xx_hal_dma2d.o(i.HAL_DMA2D_Init)
    i.HAL_DMA2D_MspInit                      0x080013f6   Section        0  stm32f7xx_hal_dma2d.o(i.HAL_DMA2D_MspInit)
    i.HAL_DMA2D_PollForTransfer              0x080013f8   Section        0  stm32f7xx_hal_dma2d.o(i.HAL_DMA2D_PollForTransfer)
    i.HAL_DMA2D_Start                        0x08001504   Section        0  stm32f7xx_hal_dma2d.o(i.HAL_DMA2D_Start)
    i.HAL_DMA_DeInit                         0x08001538   Section        0  stm32f7xx_hal_dma.o(i.HAL_DMA_DeInit)
    i.HAL_DMA_Init                           0x08001590   Section        0  stm32f7xx_hal_dma.o(i.HAL_DMA_Init)
    i.HAL_Delay                              0x08001674   Section        0  stm32f7xx_hal.o(i.HAL_Delay)
    i.HAL_GPIO_Init                          0x0800168c   Section        0  stm32f7xx_hal_gpio.o(i.HAL_GPIO_Init)
    i.HAL_GPIO_WritePin                      0x08001864   Section        0  stm32f7xx_hal_gpio.o(i.HAL_GPIO_WritePin)
    i.HAL_GetTick                            0x08001870   Section        0  stm32f7xx_hal.o(i.HAL_GetTick)
    i.HAL_IncTick                            0x0800187c   Section        0  stm32f7xx_hal.o(i.HAL_IncTick)
    i.HAL_Init                               0x0800188c   Section        0  stm32f7xx_hal.o(i.HAL_Init)
    i.HAL_InitTick                           0x080018a4   Section        0  stm32f7xx_hal.o(i.HAL_InitTick)
    i.HAL_LTDC_ConfigLayer                   0x080018cc   Section        0  stm32f7xx_hal_ltdc.o(i.HAL_LTDC_ConfigLayer)
    i.HAL_LTDC_GetState                      0x0800191e   Section        0  stm32f7xx_hal_ltdc.o(i.HAL_LTDC_GetState)
    i.HAL_LTDC_Init                          0x08001924   Section        0  stm32f7xx_hal_ltdc.o(i.HAL_LTDC_Init)
    i.HAL_LTDC_MspInit                       0x08001a24   Section        0  stm32f7xx_hal_msp.o(i.HAL_LTDC_MspInit)
    i.HAL_LTDC_SetAlpha                      0x08001ad4   Section        0  stm32f7xx_hal_ltdc.o(i.HAL_LTDC_SetAlpha)
    i.HAL_MspInit                            0x08001b18   Section        0  stm32f7xx_hal_msp.o(i.HAL_MspInit)
    i.HAL_NVIC_EnableIRQ                     0x08001b70   Section        0  stm32f7xx_hal_cortex.o(i.HAL_NVIC_EnableIRQ)
    i.HAL_NVIC_SetPriority                   0x08001b88   Section        0  stm32f7xx_hal_cortex.o(i.HAL_NVIC_SetPriority)
    i.HAL_NVIC_SetPriorityGrouping           0x08001bc8   Section        0  stm32f7xx_hal_cortex.o(i.HAL_NVIC_SetPriorityGrouping)
    i.HAL_RCCEx_PeriphCLKConfig              0x08001bec   Section        0  stm32f7xx_hal_rcc_ex.o(i.HAL_RCCEx_PeriphCLKConfig)
    i.HAL_RCC_ClockConfig                    0x080022a0   Section        0  stm32f7xx_hal_rcc.o(i.HAL_RCC_ClockConfig)
    i.HAL_RCC_GetHCLKFreq                    0x08002404   Section        0  stm32f7xx_hal_rcc.o(i.HAL_RCC_GetHCLKFreq)
    i.HAL_RCC_GetPCLK1Freq                   0x08002410   Section        0  stm32f7xx_hal_rcc.o(i.HAL_RCC_GetPCLK1Freq)
    i.HAL_RCC_GetPCLK2Freq                   0x08002440   Section        0  stm32f7xx_hal_rcc.o(i.HAL_RCC_GetPCLK2Freq)
    i.HAL_RCC_GetSysClockFreq                0x08002470   Section        0  stm32f7xx_hal_rcc.o(i.HAL_RCC_GetSysClockFreq)
    i.HAL_RCC_OscConfig                      0x080024f4   Section        0  stm32f7xx_hal_rcc.o(i.HAL_RCC_OscConfig)
    i.HAL_SDRAM_Init                         0x08002850   Section        0  stm32f7xx_hal_sdram.o(i.HAL_SDRAM_Init)
    i.HAL_SDRAM_MspInit                      0x08002892   Section        0  stm32f7xx_hal_sdram.o(i.HAL_SDRAM_MspInit)
    i.HAL_SDRAM_ProgramRefreshRate           0x08002894   Section        0  stm32f7xx_hal_sdram.o(i.HAL_SDRAM_ProgramRefreshRate)
    i.HAL_SDRAM_SendCommand                  0x080028b8   Section        0  stm32f7xx_hal_sdram.o(i.HAL_SDRAM_SendCommand)
    i.HAL_SYSTICK_CLKSourceConfig            0x080028e8   Section        0  stm32f7xx_hal_cortex.o(i.HAL_SYSTICK_CLKSourceConfig)
    i.HAL_SYSTICK_Callback                   0x08002900   Section        0  stm32f7xx_hal_cortex.o(i.HAL_SYSTICK_Callback)
    i.HAL_SYSTICK_Config                     0x08002902   Section        0  stm32f7xx_hal_cortex.o(i.HAL_SYSTICK_Config)
    i.HAL_SYSTICK_IRQHandler                 0x08002928   Section        0  stm32f7xx_hal_cortex.o(i.HAL_SYSTICK_IRQHandler)
    i.HAL_UART_Init                          0x08002930   Section        0  stm32f7xx_hal_uart.o(i.HAL_UART_Init)
    i.HAL_UART_MspInit                       0x0800299c   Section        0  stm32f7xx_hal_msp.o(i.HAL_UART_MspInit)
    i.LCD_Init                               0x080029fc   Section        0  main.o(i.LCD_Init)
    i.LL_FillBuffer                          0x08002a54   Section        0  stm32746g_discovery_lcd.o(i.LL_FillBuffer)
    LL_FillBuffer                            0x08002a55   Thumb Code   116  stm32746g_discovery_lcd.o(i.LL_FillBuffer)
    i.LTDC_SetConfig                         0x08002ad4   Section        0  stm32f7xx_hal_ltdc.o(i.LTDC_SetConfig)
    LTDC_SetConfig                           0x08002ad5   Thumb Code   464  stm32f7xx_hal_ltdc.o(i.LTDC_SetConfig)
    i.MX_GPIO_Init                           0x08002ca4   Section        0  main.o(i.MX_GPIO_Init)
    MX_GPIO_Init                             0x08002ca5   Thumb Code  1358  main.o(i.MX_GPIO_Init)
    i.MX_LTDC_Init                           0x0800320c   Section        0  main.o(i.MX_LTDC_Init)
    MX_LTDC_Init                             0x0800320d   Thumb Code   182  main.o(i.MX_LTDC_Init)
    i.MX_USART1_UART_Init                    0x080032cc   Section        0  main.o(i.MX_USART1_UART_Init)
    MX_USART1_UART_Init                      0x080032cd   Thumb Code    48  main.o(i.MX_USART1_UART_Init)
    i.NVIC_SetPriority                       0x08003304   Section        0  stm32f7xx_hal_cortex.o(i.NVIC_SetPriority)
    NVIC_SetPriority                         0x08003305   Thumb Code    34  stm32f7xx_hal_cortex.o(i.NVIC_SetPriority)
    i.SysTick_Handler                        0x08003326   Section        0  stm32f7xx_it.o(i.SysTick_Handler)
    i.SystemClock_Config                     0x08003334   Section        0  main.o(i.SystemClock_Config)
    i.SystemInit                             0x080033f4   Section        0  system_stm32f7xx.o(i.SystemInit)
    i.UART_AdvFeatureConfig                  0x08003448   Section        0  stm32f7xx_hal_uart.o(i.UART_AdvFeatureConfig)
    i.UART_CheckIdleState                    0x08003510   Section        0  stm32f7xx_hal_uart.o(i.UART_CheckIdleState)
    i.UART_SetConfig                         0x08003550   Section        0  stm32f7xx_hal_uart.o(i.UART_SetConfig)
    i.UART_WaitOnFlagUntilTimeout            0x080037a8   Section        0  stm32f7xx_hal_uart.o(i.UART_WaitOnFlagUntilTimeout)
    i.__0sprintf$1                           0x0800380c   Section        0  printf1.o(i.__0sprintf$1)
    i.__scatterload_copy                     0x08003834   Section       14  handlers.o(i.__scatterload_copy)
    i.__scatterload_null                     0x08003842   Section        2  handlers.o(i.__scatterload_null)
    i.__scatterload_zeroinit                 0x08003844   Section       14  handlers.o(i.__scatterload_zeroinit)
    i._printf_core                           0x08003854   Section        0  printf1.o(i._printf_core)
    _printf_core                             0x08003855   Thumb Code   336  printf1.o(i._printf_core)
    i._sputc                                 0x080039a8   Section        0  printf1.o(i._sputc)
    _sputc                                   0x080039a9   Thumb Code    10  printf1.o(i._sputc)
    i.main                                   0x080039b4   Section        0  main.o(i.main)
    .constdata                               0x08003a40   Section       16  system_stm32f7xx.o(.constdata)
    .constdata                               0x08003a50   Section        8  system_stm32f7xx.o(.constdata)
    .constdata                               0x08003a58   Section        8  stm32f7xx_hal_dma.o(.constdata)
    flagBitshiftOffset                       0x08003a58   Data           8  stm32f7xx_hal_dma.o(.constdata)
    .constdata                               0x08003a60   Section       24  stm32746g_discovery.o(.constdata)
    .constdata                               0x08003a78   Section     6840  stm32746g_discovery_lcd.o(.constdata)
    .data                                    0x20000000   Section        4  system_stm32f7xx.o(.data)
    .data                                    0x20000004   Section        4  stm32f7xx_hal.o(.data)
    .data                                    0x20000008   Section        4  main.o(.data)
    .data                                    0x2000000c   Section       12  stm32746g_discovery_lcd.o(.data)
    ActiveLayer                              0x2000000c   Data           4  stm32746g_discovery_lcd.o(.data)
    .data                                    0x20000018   Section        2  stm32746g_discovery_sdram.o(.data)
    sdramstatus                              0x20000018   Data           1  stm32746g_discovery_sdram.o(.data)
    sdramstatus                              0x20000019   Data           1  stm32746g_discovery_sdram.o(.data)
    .bss                                     0x2000001c   Section      372  main.o(.bss)
    .bss                                     0x20000190   Section      388  stm32746g_discovery_lcd.o(.bss)
    periph_clk_init_struct                   0x20000190   Data         132  stm32746g_discovery_lcd.o(.bss)
    hDma2dHandler                            0x200002bc   Data          64  stm32746g_discovery_lcd.o(.bss)
    DrawProp                                 0x200002fc   Data          24  stm32746g_discovery_lcd.o(.bss)
    .bss                                     0x20000314   Section      288  stm32746g_discovery_sdram.o(.bss)
    dma_handle                               0x20000314   Data          96  stm32746g_discovery_sdram.o(.bss)
    dma_handle                               0x20000374   Data          96  stm32746g_discovery_sdram.o(.bss)
    Timing                                   0x20000408   Data          28  stm32746g_discovery_sdram.o(.bss)
    Command                                  0x20000424   Data          16  stm32746g_discovery_sdram.o(.bss)
    STACK                                    0x20000438   Section     1024  startup_stm32f746xx.o(STACK)

    Global Symbols

    Symbol Name                              Value     Ov Type        Size  Object(Section)

    BuildAttributes$$THM_ISAv4$E$P$D$K$B$S$7EM$VFPi5$EXTD16$VFPS$VFMA$PE$PLD8$A:L22UL41UL21$X:L11$S22US41US21$IEEE1$IW$USESV6$~STKCKD$USESV7$~SHL$OSPACE$ROPI$EBA8$MICROLIB$REQ8$PRES8$EABIv2 0x00000000   Number         0  anon$$obj.o ABSOLUTE
    __ARM_use_no_argv                        0x00000000   Number         0  main.o ABSOLUTE
    _printf_a                                0x00000000   Number         0  stubs.o ABSOLUTE
    _printf_c                                0x00000000   Number         0  stubs.o ABSOLUTE
    _printf_charcount                        0x00000000   Number         0  stubs.o ABSOLUTE
    _printf_d                                0x00000000   Number         0  stubs.o ABSOLUTE
    _printf_e                                0x00000000   Number         0  stubs.o ABSOLUTE
    _printf_f                                0x00000000   Number         0  stubs.o ABSOLUTE
    _printf_flags                            0x00000000   Number         0  stubs.o ABSOLUTE
    _printf_fp_dec                           0x00000000   Number         0  stubs.o ABSOLUTE
    _printf_fp_hex                           0x00000000   Number         0  stubs.o ABSOLUTE
    _printf_g                                0x00000000   Number         0  stubs.o ABSOLUTE
    _printf_i                                0x00000000   Number         0  stubs.o ABSOLUTE
    _printf_int_dec                          0x00000000   Number         0  stubs.o ABSOLUTE
    _printf_l                                0x00000000   Number         0  stubs.o ABSOLUTE
    _printf_lc                               0x00000000   Number         0  stubs.o ABSOLUTE
    _printf_ll                               0x00000000   Number         0  stubs.o ABSOLUTE
    _printf_lld                              0x00000000   Number         0  stubs.o ABSOLUTE
    _printf_lli                              0x00000000   Number         0  stubs.o ABSOLUTE
    _printf_llo                              0x00000000   Number         0  stubs.o ABSOLUTE
    _printf_llu                              0x00000000   Number         0  stubs.o ABSOLUTE
    _printf_llx                              0x00000000   Number         0  stubs.o ABSOLUTE
    _printf_longlong_dec                     0x00000000   Number         0  stubs.o ABSOLUTE
    _printf_longlong_hex                     0x00000000   Number         0  stubs.o ABSOLUTE
    _printf_longlong_oct                     0x00000000   Number         0  stubs.o ABSOLUTE
    _printf_ls                               0x00000000   Number         0  stubs.o ABSOLUTE
    _printf_mbtowc                           0x00000000   Number         0  stubs.o ABSOLUTE
    _printf_n                                0x00000000   Number         0  stubs.o ABSOLUTE
    _printf_o                                0x00000000   Number         0  stubs.o ABSOLUTE
    _printf_p                                0x00000000   Number         0  stubs.o ABSOLUTE
    _printf_percent                          0x00000000   Number         0  stubs.o ABSOLUTE
    _printf_pre_padding                      0x00000000   Number         0  stubs.o ABSOLUTE
    _printf_return_value                     0x00000000   Number         0  stubs.o ABSOLUTE
    _printf_s                                0x00000000   Number         0  stubs.o ABSOLUTE
    _printf_sizespec                         0x00000000   Number         0  stubs.o ABSOLUTE
    _printf_str                              0x00000000   Number         0  stubs.o ABSOLUTE
    _printf_truncate_signed                  0x00000000   Number         0  stubs.o ABSOLUTE
    _printf_truncate_unsigned                0x00000000   Number         0  stubs.o ABSOLUTE
    _printf_u                                0x00000000   Number         0  stubs.o ABSOLUTE
    _printf_wc                               0x00000000   Number         0  stubs.o ABSOLUTE
    _printf_wctomb                           0x00000000   Number         0  stubs.o ABSOLUTE
    _printf_widthprec                        0x00000000   Number         0  stubs.o ABSOLUTE
    _printf_x                                0x00000000   Number         0  stubs.o ABSOLUTE
    __cpp_initialize__aeabi_                  - Undefined Weak Reference
    __cxa_finalize                            - Undefined Weak Reference
    __decompress                              - Undefined Weak Reference
    _clock_init                               - Undefined Weak Reference
    _microlib_exit                            - Undefined Weak Reference
    __Vectors_Size                           0x000001c8   Number         0  startup_stm32f746xx.o ABSOLUTE
    __Vectors                                0x08000000   Data           4  startup_stm32f746xx.o(RESET)
    __Vectors_End                            0x080001c8   Data           0  startup_stm32f746xx.o(RESET)
    __main                                   0x080001c9   Thumb Code     0  entry.o(.ARM.Collect$$$$00000000)
    _main_stk                                0x080001c9   Thumb Code     0  entry2.o(.ARM.Collect$$$$00000001)
    _main_scatterload                        0x080001cd   Thumb Code     0  entry5.o(.ARM.Collect$$$$00000004)
    __main_after_scatterload                 0x080001d1   Thumb Code     0  entry5.o(.ARM.Collect$$$$00000004)
    _main_clock                              0x080001d1   Thumb Code     0  entry7b.o(.ARM.Collect$$$$00000008)
    _main_cpp_init                           0x080001d1   Thumb Code     0  entry8b.o(.ARM.Collect$$$$0000000A)
    _main_init                               0x080001d1   Thumb Code     0  entry9a.o(.ARM.Collect$$$$0000000B)
    __rt_final_cpp                           0x080001d9   Thumb Code     0  entry10a.o(.ARM.Collect$$$$0000000D)
    __rt_final_exit                          0x080001d9   Thumb Code     0  entry11a.o(.ARM.Collect$$$$0000000F)
    Reset_Handler                            0x080001dd   Thumb Code     8  startup_stm32f746xx.o(.text)
    NMI_Handler                              0x080001e5   Thumb Code     2  startup_stm32f746xx.o(.text)
    HardFault_Handler                        0x080001e7   Thumb Code     2  startup_stm32f746xx.o(.text)
    MemManage_Handler                        0x080001e9   Thumb Code     2  startup_stm32f746xx.o(.text)
    BusFault_Handler                         0x080001eb   Thumb Code     2  startup_stm32f746xx.o(.text)
    UsageFault_Handler                       0x080001ed   Thumb Code     2  startup_stm32f746xx.o(.text)
    SVC_Handler                              0x080001ef   Thumb Code     2  startup_stm32f746xx.o(.text)
    DebugMon_Handler                         0x080001f1   Thumb Code     2  startup_stm32f746xx.o(.text)
    PendSV_Handler                           0x080001f3   Thumb Code     2  startup_stm32f746xx.o(.text)
    CAN1_RX0_IRQHandler                      0x080001f7   Thumb Code     0  startup_stm32f746xx.o(.text)
    CAN1_RX1_IRQHandler                      0x080001f7   Thumb Code     0  startup_stm32f746xx.o(.text)
    CAN1_SCE_IRQHandler                      0x080001f7   Thumb Code     0  startup_stm32f746xx.o(.text)
    CAN1_TX_IRQHandler                       0x080001f7   Thumb Code     0  startup_stm32f746xx.o(.text)
    CAN2_RX0_IRQHandler                      0x080001f7   Thumb Code     0  startup_stm32f746xx.o(.text)
    CAN2_RX1_IRQHandler                      0x080001f7   Thumb Code     0  startup_stm32f746xx.o(.text)
    CAN2_SCE_IRQHandler                      0x080001f7   Thumb Code     0  startup_stm32f746xx.o(.text)
    CAN2_TX_IRQHandler                       0x080001f7   Thumb Code     0  startup_stm32f746xx.o(.text)
    CEC_IRQHandler                           0x080001f7   Thumb Code     0  startup_stm32f746xx.o(.text)
    DCMI_IRQHandler                          0x080001f7   Thumb Code     0  startup_stm32f746xx.o(.text)
    DMA1_Stream0_IRQHandler                  0x080001f7   Thumb Code     0  startup_stm32f746xx.o(.text)
    DMA1_Stream1_IRQHandler                  0x080001f7   Thumb Code     0  startup_stm32f746xx.o(.text)
    DMA1_Stream2_IRQHandler                  0x080001f7   Thumb Code     0  startup_stm32f746xx.o(.text)
    DMA1_Stream3_IRQHandler                  0x080001f7   Thumb Code     0  startup_stm32f746xx.o(.text)
    DMA1_Stream4_IRQHandler                  0x080001f7   Thumb Code     0  startup_stm32f746xx.o(.text)
    DMA1_Stream5_IRQHandler                  0x080001f7   Thumb Code     0  startup_stm32f746xx.o(.text)
    DMA1_Stream6_IRQHandler                  0x080001f7   Thumb Code     0  startup_stm32f746xx.o(.text)
    DMA1_Stream7_IRQHandler                  0x080001f7   Thumb Code     0  startup_stm32f746xx.o(.text)
    DMA2D_IRQHandler                         0x080001f7   Thumb Code     0  startup_stm32f746xx.o(.text)
    DMA2_Stream0_IRQHandler                  0x080001f7   Thumb Code     0  startup_stm32f746xx.o(.text)
    DMA2_Stream1_IRQHandler                  0x080001f7   Thumb Code     0  startup_stm32f746xx.o(.text)
    DMA2_Stream2_IRQHandler                  0x080001f7   Thumb Code     0  startup_stm32f746xx.o(.text)
    DMA2_Stream3_IRQHandler                  0x080001f7   Thumb Code     0  startup_stm32f746xx.o(.text)
    DMA2_Stream4_IRQHandler                  0x080001f7   Thumb Code     0  startup_stm32f746xx.o(.text)
    DMA2_Stream5_IRQHandler                  0x080001f7   Thumb Code     0  startup_stm32f746xx.o(.text)
    DMA2_Stream6_IRQHandler                  0x080001f7   Thumb Code     0  startup_stm32f746xx.o(.text)
    DMA2_Stream7_IRQHandler                  0x080001f7   Thumb Code     0  startup_stm32f746xx.o(.text)
    ETH_IRQHandler                           0x080001f7   Thumb Code     0  startup_stm32f746xx.o(.text)
    ETH_WKUP_IRQHandler                      0x080001f7   Thumb Code     0  startup_stm32f746xx.o(.text)
    EXTI0_IRQHandler                         0x080001f7   Thumb Code     0  startup_stm32f746xx.o(.text)
    EXTI15_10_IRQHandler                     0x080001f7   Thumb Code     0  startup_stm32f746xx.o(.text)
    EXTI1_IRQHandler                         0x080001f7   Thumb Code     0  startup_stm32f746xx.o(.text)
    EXTI2_IRQHandler                         0x080001f7   Thumb Code     0  startup_stm32f746xx.o(.text)
    EXTI3_IRQHandler                         0x080001f7   Thumb Code     0  startup_stm32f746xx.o(.text)
    EXTI4_IRQHandler                         0x080001f7   Thumb Code     0  startup_stm32f746xx.o(.text)
    EXTI9_5_IRQHandler                       0x080001f7   Thumb Code     0  startup_stm32f746xx.o(.text)
    FLASH_IRQHandler                         0x080001f7   Thumb Code     0  startup_stm32f746xx.o(.text)
    FMC_IRQHandler                           0x080001f7   Thumb Code     0  startup_stm32f746xx.o(.text)
    FPU_IRQHandler                           0x080001f7   Thumb Code     0  startup_stm32f746xx.o(.text)
    I2C1_ER_IRQHandler                       0x080001f7   Thumb Code     0  startup_stm32f746xx.o(.text)
    I2C1_EV_IRQHandler                       0x080001f7   Thumb Code     0  startup_stm32f746xx.o(.text)
    I2C2_ER_IRQHandler                       0x080001f7   Thumb Code     0  startup_stm32f746xx.o(.text)
    I2C2_EV_IRQHandler                       0x080001f7   Thumb Code     0  startup_stm32f746xx.o(.text)
    I2C3_ER_IRQHandler                       0x080001f7   Thumb Code     0  startup_stm32f746xx.o(.text)
    I2C3_EV_IRQHandler                       0x080001f7   Thumb Code     0  startup_stm32f746xx.o(.text)
    I2C4_ER_IRQHandler                       0x080001f7   Thumb Code     0  startup_stm32f746xx.o(.text)
    I2C4_EV_IRQHandler                       0x080001f7   Thumb Code     0  startup_stm32f746xx.o(.text)
    LPTIM1_IRQHandler                        0x080001f7   Thumb Code     0  startup_stm32f746xx.o(.text)
    LTDC_ER_IRQHandler                       0x080001f7   Thumb Code     0  startup_stm32f746xx.o(.text)
    LTDC_IRQHandler                          0x080001f7   Thumb Code     0  startup_stm32f746xx.o(.text)
    OTG_FS_IRQHandler                        0x080001f7   Thumb Code     0  startup_stm32f746xx.o(.text)
    OTG_FS_WKUP_IRQHandler                   0x080001f7   Thumb Code     0  startup_stm32f746xx.o(.text)
    OTG_HS_EP1_IN_IRQHandler                 0x080001f7   Thumb Code     0  startup_stm32f746xx.o(.text)
    OTG_HS_EP1_OUT_IRQHandler                0x080001f7   Thumb Code     0  startup_stm32f746xx.o(.text)
    OTG_HS_IRQHandler                        0x080001f7   Thumb Code     0  startup_stm32f746xx.o(.text)
    OTG_HS_WKUP_IRQHandler                   0x080001f7   Thumb Code     0  startup_stm32f746xx.o(.text)
    PVD_IRQHandler                           0x080001f7   Thumb Code     0  startup_stm32f746xx.o(.text)
    QUADSPI_IRQHandler                       0x080001f7   Thumb Code     0  startup_stm32f746xx.o(.text)
    RCC_IRQHandler                           0x080001f7   Thumb Code     0  startup_stm32f746xx.o(.text)
    RNG_IRQHandler                           0x080001f7   Thumb Code     0  startup_stm32f746xx.o(.text)
    RTC_Alarm_IRQHandler                     0x080001f7   Thumb Code     0  startup_stm32f746xx.o(.text)
    RTC_WKUP_IRQHandler                      0x080001f7   Thumb Code     0  startup_stm32f746xx.o(.text)
    SAI1_IRQHandler                          0x080001f7   Thumb Code     0  startup_stm32f746xx.o(.text)
    SAI2_IRQHandler                          0x080001f7   Thumb Code     0  startup_stm32f746xx.o(.text)
    SDMMC1_IRQHandler                        0x080001f7   Thumb Code     0  startup_stm32f746xx.o(.text)
    SPDIF_RX_IRQHandler                      0x080001f7   Thumb Code     0  startup_stm32f746xx.o(.text)
    SPI1_IRQHandler                          0x080001f7   Thumb Code     0  startup_stm32f746xx.o(.text)
    SPI2_IRQHandler                          0x080001f7   Thumb Code     0  startup_stm32f746xx.o(.text)
    SPI3_IRQHandler                          0x080001f7   Thumb Code     0  startup_stm32f746xx.o(.text)
    SPI4_IRQHandler                          0x080001f7   Thumb Code     0  startup_stm32f746xx.o(.text)
    SPI5_IRQHandler                          0x080001f7   Thumb Code     0  startup_stm32f746xx.o(.text)
    SPI6_IRQHandler                          0x080001f7   Thumb Code     0  startup_stm32f746xx.o(.text)
    TAMP_STAMP_IRQHandler                    0x080001f7   Thumb Code     0  startup_stm32f746xx.o(.text)
    TIM1_BRK_TIM9_IRQHandler                 0x080001f7   Thumb Code     0  startup_stm32f746xx.o(.text)
    TIM1_CC_IRQHandler                       0x080001f7   Thumb Code     0  startup_stm32f746xx.o(.text)
    TIM1_TRG_COM_TIM11_IRQHandler            0x080001f7   Thumb Code     0  startup_stm32f746xx.o(.text)
    TIM1_UP_TIM10_IRQHandler                 0x080001f7   Thumb Code     0  startup_stm32f746xx.o(.text)
    TIM2_IRQHandler                          0x080001f7   Thumb Code     0  startup_stm32f746xx.o(.text)
    TIM3_IRQHandler                          0x080001f7   Thumb Code     0  startup_stm32f746xx.o(.text)
    TIM4_IRQHandler                          0x080001f7   Thumb Code     0  startup_stm32f746xx.o(.text)
    TIM5_IRQHandler                          0x080001f7   Thumb Code     0  startup_stm32f746xx.o(.text)
    TIM6_DAC_IRQHandler                      0x080001f7   Thumb Code     0  startup_stm32f746xx.o(.text)
    TIM7_IRQHandler                          0x080001f7   Thumb Code     0  startup_stm32f746xx.o(.text)
    TIM8_BRK_TIM12_IRQHandler                0x080001f7   Thumb Code     0  startup_stm32f746xx.o(.text)
    TIM8_CC_IRQHandler                       0x080001f7   Thumb Code     0  startup_stm32f746xx.o(.text)
    TIM8_TRG_COM_TIM14_IRQHandler            0x080001f7   Thumb Code     0  startup_stm32f746xx.o(.text)
    TIM8_UP_TIM13_IRQHandler                 0x080001f7   Thumb Code     0  startup_stm32f746xx.o(.text)
    UART4_IRQHandler                         0x080001f7   Thumb Code     0  startup_stm32f746xx.o(.text)
    UART5_IRQHandler                         0x080001f7   Thumb Code     0  startup_stm32f746xx.o(.text)
    UART7_IRQHandler                         0x080001f7   Thumb Code     0  startup_stm32f746xx.o(.text)
    UART8_IRQHandler                         0x080001f7   Thumb Code     0  startup_stm32f746xx.o(.text)
    USART1_IRQHandler                        0x080001f7   Thumb Code     0  startup_stm32f746xx.o(.text)
    USART2_IRQHandler                        0x080001f7   Thumb Code     0  startup_stm32f746xx.o(.text)
    USART3_IRQHandler                        0x080001f7   Thumb Code     0  startup_stm32f746xx.o(.text)
    USART6_IRQHandler                        0x080001f7   Thumb Code     0  startup_stm32f746xx.o(.text)
    WWDG_IRQHandler                          0x080001f7   Thumb Code     0  startup_stm32f746xx.o(.text)
    __aeabi_memcpy                           0x08000201   Thumb Code    36  memcpya.o(.text)
    __aeabi_memcpy4                          0x08000201   Thumb Code     0  memcpya.o(.text)
    __aeabi_memcpy8                          0x08000201   Thumb Code     0  memcpya.o(.text)
    __aeabi_uidiv                            0x08000225   Thumb Code     0  uidiv.o(.text)
    __aeabi_uidivmod                         0x08000225   Thumb Code    44  uidiv.o(.text)
    __scatterload                            0x08000251   Thumb Code    28  init.o(.text)
    __scatterload_rt2                        0x08000251   Thumb Code     0  init.o(.text)
    ADC_IRQHandler                           0x08000275   Thumb Code     6  stm32f7xx_it.o(i.ADC_IRQHandler)
    BSP_LCD_Clear                            0x080003b9   Thumb Code    48  stm32746g_discovery_lcd.o(i.BSP_LCD_Clear)
    BSP_LCD_ClockConfig                      0x080003f1   Thumb Code    26  stm32746g_discovery_lcd.o(i.BSP_LCD_ClockConfig)
    BSP_LCD_DisplayChar                      0x08000411   Thumb Code    44  stm32746g_discovery_lcd.o(i.BSP_LCD_DisplayChar)
    BSP_LCD_DisplayOn                        0x08000445   Thumb Code    38  stm32746g_discovery_lcd.o(i.BSP_LCD_DisplayOn)
    BSP_LCD_DisplayStringAt                  0x08000479   Thumb Code   192  stm32746g_discovery_lcd.o(i.BSP_LCD_DisplayStringAt)
    BSP_LCD_DisplayStringAtLine              0x08000541   Thumb Code    28  stm32746g_discovery_lcd.o(i.BSP_LCD_DisplayStringAtLine)
    BSP_LCD_DrawPixel                        0x0800055d   Thumb Code    90  stm32746g_discovery_lcd.o(i.BSP_LCD_DrawPixel)
    BSP_LCD_GetFont                          0x080005c1   Thumb Code    18  stm32746g_discovery_lcd.o(i.BSP_LCD_GetFont)
    BSP_LCD_GetXSize                         0x080005dd   Thumb Code    22  stm32746g_discovery_lcd.o(i.BSP_LCD_GetXSize)
    BSP_LCD_GetYSize                         0x080005fd   Thumb Code    22  stm32746g_discovery_lcd.o(i.BSP_LCD_GetYSize)
    BSP_LCD_Init                             0x0800061d   Thumb Code   142  stm32746g_discovery_lcd.o(i.BSP_LCD_Init)
    BSP_LCD_LayerDefaultInit                 0x080006c1   Thumb Code   112  stm32746g_discovery_lcd.o(i.BSP_LCD_LayerDefaultInit)
    BSP_LCD_MspInit                          0x08000739   Thumb Code   286  stm32746g_discovery_lcd.o(i.BSP_LCD_MspInit)
    BSP_LCD_SelectLayer                      0x08000871   Thumb Code     6  stm32746g_discovery_lcd.o(i.BSP_LCD_SelectLayer)
    BSP_LCD_SetFont                          0x0800087d   Thumb Code    18  stm32746g_discovery_lcd.o(i.BSP_LCD_SetFont)
    BSP_LCD_SetTransparency                  0x08000899   Thumb Code     8  stm32746g_discovery_lcd.o(i.BSP_LCD_SetTransparency)
    BSP_LED_Init                             0x080008a5   Thumb Code    68  stm32746g_discovery.o(i.BSP_LED_Init)
    BSP_SDRAM_Init                           0x080008f5   Thumb Code   108  stm32746g_discovery_sdram.o(i.BSP_SDRAM_Init)
    BSP_SDRAM_Initialization_sequence        0x0800096d   Thumb Code   134  stm32746g_discovery_sdram.o(i.BSP_SDRAM_Initialization_sequence)
    BSP_SDRAM_MspInit                        0x080009f9   Thumb Code   322  stm32746g_discovery_sdram.o(i.BSP_SDRAM_MspInit)
    FMC_SDRAM_Init                           0x08000d2d   Thumb Code    94  stm32f7xx_ll_fmc.o(i.FMC_SDRAM_Init)
    FMC_SDRAM_ProgramRefreshRate             0x08000d8b   Thumb Code    12  stm32f7xx_ll_fmc.o(i.FMC_SDRAM_ProgramRefreshRate)
    FMC_SDRAM_SendCommand                    0x08000d97   Thumb Code    72  stm32f7xx_ll_fmc.o(i.FMC_SDRAM_SendCommand)
    FMC_SDRAM_Timing_Init                    0x08000de1   Thumb Code   134  stm32f7xx_ll_fmc.o(i.FMC_SDRAM_Timing_Init)
    HAL_ADCEx_InjectedConvCpltCallback       0x08000e6d   Thumb Code     2  stm32f7xx_hal_adc_ex.o(i.HAL_ADCEx_InjectedConvCpltCallback)
    HAL_ADC_ConfigChannel                    0x08000e71   Thumb Code   338  stm32f7xx_hal_adc.o(i.HAL_ADC_ConfigChannel)
    HAL_ADC_ConvCpltCallback                 0x08000fd5   Thumb Code    54  main.o(i.HAL_ADC_ConvCpltCallback)
    HAL_ADC_ErrorCallback                    0x0800101d   Thumb Code     2  stm32f7xx_hal_adc.o(i.HAL_ADC_ErrorCallback)
    HAL_ADC_GetValue                         0x0800101f   Thumb Code     6  stm32f7xx_hal_adc.o(i.HAL_ADC_GetValue)
    HAL_ADC_IRQHandler                       0x08001025   Thumb Code   316  stm32f7xx_hal_adc.o(i.HAL_ADC_IRQHandler)
    HAL_ADC_Init                             0x08001161   Thumb Code    84  stm32f7xx_hal_adc.o(i.HAL_ADC_Init)
    HAL_ADC_LevelOutOfWindowCallback         0x080011b5   Thumb Code     2  stm32f7xx_hal_adc.o(i.HAL_ADC_LevelOutOfWindowCallback)
    HAL_ADC_MspInit                          0x080011b9   Thumb Code    88  stm32f7xx_hal_msp.o(i.HAL_ADC_MspInit)
    HAL_ADC_Start_IT                         0x08001221   Thumb Code   180  stm32f7xx_hal_adc.o(i.HAL_ADC_Start_IT)
    HAL_DMA2D_ConfigLayer                    0x080012e5   Thumb Code   180  stm32f7xx_hal_dma2d.o(i.HAL_DMA2D_ConfigLayer)
    HAL_DMA2D_Init                           0x0800139d   Thumb Code    90  stm32f7xx_hal_dma2d.o(i.HAL_DMA2D_Init)
    HAL_DMA2D_MspInit                        0x080013f7   Thumb Code     2  stm32f7xx_hal_dma2d.o(i.HAL_DMA2D_MspInit)
    HAL_DMA2D_PollForTransfer                0x080013f9   Thumb Code   268  stm32f7xx_hal_dma2d.o(i.HAL_DMA2D_PollForTransfer)
    HAL_DMA2D_Start                          0x08001505   Thumb Code    52  stm32f7xx_hal_dma2d.o(i.HAL_DMA2D_Start)
    HAL_DMA_DeInit                           0x08001539   Thumb Code    86  stm32f7xx_hal_dma.o(i.HAL_DMA_DeInit)
    HAL_DMA_Init                             0x08001591   Thumb Code   222  stm32f7xx_hal_dma.o(i.HAL_DMA_Init)
    HAL_Delay                                0x08001675   Thumb Code    22  stm32f7xx_hal.o(i.HAL_Delay)
    HAL_GPIO_Init                            0x0800168d   Thumb Code   418  stm32f7xx_hal_gpio.o(i.HAL_GPIO_Init)
    HAL_GPIO_WritePin                        0x08001865   Thumb Code    10  stm32f7xx_hal_gpio.o(i.HAL_GPIO_WritePin)
    HAL_GetTick                              0x08001871   Thumb Code     6  stm32f7xx_hal.o(i.HAL_GetTick)
    HAL_IncTick                              0x0800187d   Thumb Code    10  stm32f7xx_hal.o(i.HAL_IncTick)
    HAL_Init                                 0x0800188d   Thumb Code    22  stm32f7xx_hal.o(i.HAL_Init)
    HAL_InitTick                             0x080018a5   Thumb Code    34  stm32f7xx_hal.o(i.HAL_InitTick)
    HAL_LTDC_ConfigLayer                     0x080018cd   Thumb Code    82  stm32f7xx_hal_ltdc.o(i.HAL_LTDC_ConfigLayer)
    HAL_LTDC_GetState                        0x0800191f   Thumb Code     6  stm32f7xx_hal_ltdc.o(i.HAL_LTDC_GetState)
    HAL_LTDC_Init                            0x08001925   Thumb Code   252  stm32f7xx_hal_ltdc.o(i.HAL_LTDC_Init)
    HAL_LTDC_MspInit                         0x08001a25   Thumb Code   146  stm32f7xx_hal_msp.o(i.HAL_LTDC_MspInit)
    HAL_LTDC_SetAlpha                        0x08001ad5   Thumb Code    68  stm32f7xx_hal_ltdc.o(i.HAL_LTDC_SetAlpha)
    HAL_MspInit                              0x08001b19   Thumb Code    88  stm32f7xx_hal_msp.o(i.HAL_MspInit)
    HAL_NVIC_EnableIRQ                       0x08001b71   Thumb Code    22  stm32f7xx_hal_cortex.o(i.HAL_NVIC_EnableIRQ)
    HAL_NVIC_SetPriority                     0x08001b89   Thumb Code    60  stm32f7xx_hal_cortex.o(i.HAL_NVIC_SetPriority)
    HAL_NVIC_SetPriorityGrouping             0x08001bc9   Thumb Code    28  stm32f7xx_hal_cortex.o(i.HAL_NVIC_SetPriorityGrouping)
    HAL_RCCEx_PeriphCLKConfig                0x08001bed   Thumb Code  1712  stm32f7xx_hal_rcc_ex.o(i.HAL_RCCEx_PeriphCLKConfig)
    HAL_RCC_ClockConfig                      0x080022a1   Thumb Code   338  stm32f7xx_hal_rcc.o(i.HAL_RCC_ClockConfig)
    HAL_RCC_GetHCLKFreq                      0x08002405   Thumb Code     6  stm32f7xx_hal_rcc.o(i.HAL_RCC_GetHCLKFreq)
    HAL_RCC_GetPCLK1Freq                     0x08002411   Thumb Code    34  stm32f7xx_hal_rcc.o(i.HAL_RCC_GetPCLK1Freq)
    HAL_RCC_GetPCLK2Freq                     0x08002441   Thumb Code    34  stm32f7xx_hal_rcc.o(i.HAL_RCC_GetPCLK2Freq)
    HAL_RCC_GetSysClockFreq                  0x08002471   Thumb Code   120  stm32f7xx_hal_rcc.o(i.HAL_RCC_GetSysClockFreq)
    HAL_RCC_OscConfig                        0x080024f5   Thumb Code   850  stm32f7xx_hal_rcc.o(i.HAL_RCC_OscConfig)
    HAL_SDRAM_Init                           0x08002851   Thumb Code    66  stm32f7xx_hal_sdram.o(i.HAL_SDRAM_Init)
    HAL_SDRAM_MspInit                        0x08002893   Thumb Code     2  stm32f7xx_hal_sdram.o(i.HAL_SDRAM_MspInit)
    HAL_SDRAM_ProgramRefreshRate             0x08002895   Thumb Code    34  stm32f7xx_hal_sdram.o(i.HAL_SDRAM_ProgramRefreshRate)
    HAL_SDRAM_SendCommand                    0x080028b9   Thumb Code    48  stm32f7xx_hal_sdram.o(i.HAL_SDRAM_SendCommand)
    HAL_SYSTICK_CLKSourceConfig              0x080028e9   Thumb Code    24  stm32f7xx_hal_cortex.o(i.HAL_SYSTICK_CLKSourceConfig)
    HAL_SYSTICK_Callback                     0x08002901   Thumb Code     2  stm32f7xx_hal_cortex.o(i.HAL_SYSTICK_Callback)
    HAL_SYSTICK_Config                       0x08002903   Thumb Code    38  stm32f7xx_hal_cortex.o(i.HAL_SYSTICK_Config)
    HAL_SYSTICK_IRQHandler                   0x08002929   Thumb Code     8  stm32f7xx_hal_cortex.o(i.HAL_SYSTICK_IRQHandler)
    HAL_UART_Init                            0x08002931   Thumb Code   106  stm32f7xx_hal_uart.o(i.HAL_UART_Init)
    HAL_UART_MspInit                         0x0800299d   Thumb Code    80  stm32f7xx_hal_msp.o(i.HAL_UART_MspInit)
    LCD_Init                                 0x080029fd   Thumb Code    88  main.o(i.LCD_Init)
    SysTick_Handler                          0x08003327   Thumb Code    14  stm32f7xx_it.o(i.SysTick_Handler)
    SystemClock_Config                       0x08003335   Thumb Code   182  main.o(i.SystemClock_Config)
    SystemInit                               0x080033f5   Thumb Code    68  system_stm32f7xx.o(i.SystemInit)
    UART_AdvFeatureConfig                    0x08003449   Thumb Code   200  stm32f7xx_hal_uart.o(i.UART_AdvFeatureConfig)
    UART_CheckIdleState                      0x08003511   Thumb Code    64  stm32f7xx_hal_uart.o(i.UART_CheckIdleState)
    UART_SetConfig                           0x08003551   Thumb Code   550  stm32f7xx_hal_uart.o(i.UART_SetConfig)
    UART_WaitOnFlagUntilTimeout              0x080037a9   Thumb Code   100  stm32f7xx_hal_uart.o(i.UART_WaitOnFlagUntilTimeout)
    __0sprintf$1                             0x0800380d   Thumb Code    34  printf1.o(i.__0sprintf$1)
    __1sprintf$1                             0x0800380d   Thumb Code     0  printf1.o(i.__0sprintf$1)
    __2sprintf                               0x0800380d   Thumb Code     0  printf1.o(i.__0sprintf$1)
    __scatterload_copy                       0x08003835   Thumb Code    14  handlers.o(i.__scatterload_copy)
    __scatterload_null                       0x08003843   Thumb Code     2  handlers.o(i.__scatterload_null)
    __scatterload_zeroinit                   0x08003845   Thumb Code    14  handlers.o(i.__scatterload_zeroinit)
    main                                     0x080039b5   Thumb Code   132  main.o(i.main)
    AHBPrescTable                            0x08003a40   Data          16  system_stm32f7xx.o(.constdata)
    APBPrescTable                            0x08003a50   Data           8  system_stm32f7xx.o(.constdata)
    COM_TX_PIN                               0x08003a60   Data           2  stm32746g_discovery.o(.constdata)
    COM_RX_PIN                               0x08003a62   Data           2  stm32746g_discovery.o(.constdata)
    COM_TX_AF                                0x08003a64   Data           2  stm32746g_discovery.o(.constdata)
    COM_RX_AF                                0x08003a66   Data           2  stm32746g_discovery.o(.constdata)
    GPIO_PIN                                 0x08003a68   Data           4  stm32746g_discovery.o(.constdata)
    BUTTON_PIN                               0x08003a6c   Data           6  stm32746g_discovery.o(.constdata)
    BUTTON_IRQn                              0x08003a72   Data           6  stm32746g_discovery.o(.constdata)
    Font24_Table                             0x08003a78   Data        6840  stm32746g_discovery_lcd.o(.constdata)
    Region$$Table$$Base                      0x08005530   Number         0  anon$$obj.o(Region$$Table)
    Region$$Table$$Limit                     0x08005550   Number         0  anon$$obj.o(Region$$Table)
    SystemCoreClock                          0x20000000   Data           4  system_stm32f7xx.o(.data)
    uwTick                                   0x20000004   Data           4  stm32f7xx_hal.o(.data)
    uhADCxConvertedValue                     0x20000008   Data           4  main.o(.data)
    Font24                                   0x20000010   Data           8  stm32746g_discovery_lcd.o(.data)
    ADC3ConvertedValue                       0x2000001c   Data          20  main.o(.bss)
    hadc3                                    0x20000030   Data          72  main.o(.bss)
    hltdc                                    0x20000078   Data         168  main.o(.bss)
    huart1                                   0x20000120   Data         112  main.o(.bss)
    hLtdcHandler                             0x20000214   Data         168  stm32746g_discovery_lcd.o(.bss)
    sdramHandle                              0x200003d4   Data          52  stm32746g_discovery_sdram.o(.bss)
    __initial_sp                             0x20000838   Data           0  startup_stm32f746xx.o(STACK)



==============================================================================

Memory Map of the image

  Image Entry point : 0x080001c9

  Load Region LR_IROM1 (Base: 0x08000000, Size: 0x0000556c, Max: 0x00100000, ABSOLUTE)

    Execution Region ER_IROM1 (Base: 0x08000000, Size: 0x00005550, Max: 0x00100000, ABSOLUTE)

    Base Addr    Size         Type   Attr      Idx    E Section Name        Object

    0x08000000   0x000001c8   Data   RO         3220    RESET               startup_stm32f746xx.o
    0x080001c8   0x00000000   Code   RO         3912  * .ARM.Collect$$$$00000000  mc_w.l(entry.o)
    0x080001c8   0x00000004   Code   RO         4180    .ARM.Collect$$$$00000001  mc_w.l(entry2.o)
    0x080001cc   0x00000004   Code   RO         4183    .ARM.Collect$$$$00000004  mc_w.l(entry5.o)
    0x080001d0   0x00000000   Code   RO         4185    .ARM.Collect$$$$00000008  mc_w.l(entry7b.o)
    0x080001d0   0x00000000   Code   RO         4187    .ARM.Collect$$$$0000000A  mc_w.l(entry8b.o)
    0x080001d0   0x00000008   Code   RO         4188    .ARM.Collect$$$$0000000B  mc_w.l(entry9a.o)
    0x080001d8   0x00000000   Code   RO         4190    .ARM.Collect$$$$0000000D  mc_w.l(entry10a.o)
    0x080001d8   0x00000000   Code   RO         4192    .ARM.Collect$$$$0000000F  mc_w.l(entry11a.o)
    0x080001d8   0x00000004   Code   RO         4181    .ARM.Collect$$$$00002712  mc_w.l(entry2.o)
    0x080001dc   0x00000024   Code   RO         3221    .text               startup_stm32f746xx.o
    0x08000200   0x00000024   Code   RO         3915    .text               mc_w.l(memcpya.o)
    0x08000224   0x0000002c   Code   RO         4197    .text               mc_w.l(uidiv.o)
    0x08000250   0x00000024   Code   RO         4212    .text               mc_w.l(init.o)
    0x08000274   0x0000000c   Code   RO         3187    i.ADC_IRQHandler    stm32f7xx_it.o
    0x08000280   0x00000138   Code   RO         2370    i.ADC_Init          stm32f7xx_hal_adc.o
    0x080003b8   0x00000038   Code   RO         3447    i.BSP_LCD_Clear     stm32746g_discovery_lcd.o
    0x080003f0   0x00000020   Code   RO         3449    i.BSP_LCD_ClockConfig  stm32746g_discovery_lcd.o
    0x08000410   0x00000034   Code   RO         3451    i.BSP_LCD_DisplayChar  stm32746g_discovery_lcd.o
    0x08000444   0x00000034   Code   RO         3453    i.BSP_LCD_DisplayOn  stm32746g_discovery_lcd.o
    0x08000478   0x000000c8   Code   RO         3454    i.BSP_LCD_DisplayStringAt  stm32746g_discovery_lcd.o
    0x08000540   0x0000001c   Code   RO         3455    i.BSP_LCD_DisplayStringAtLine  stm32746g_discovery_lcd.o
    0x0800055c   0x00000064   Code   RO         3461    i.BSP_LCD_DrawPixel  stm32746g_discovery_lcd.o
    0x080005c0   0x0000001c   Code   RO         3470    i.BSP_LCD_GetFont   stm32746g_discovery_lcd.o
    0x080005dc   0x00000020   Code   RO         3472    i.BSP_LCD_GetXSize  stm32746g_discovery_lcd.o
    0x080005fc   0x00000020   Code   RO         3473    i.BSP_LCD_GetYSize  stm32746g_discovery_lcd.o
    0x0800061c   0x000000a4   Code   RO         3474    i.BSP_LCD_Init      stm32746g_discovery_lcd.o
    0x080006c0   0x00000078   Code   RO         3475    i.BSP_LCD_LayerDefaultInit  stm32746g_discovery_lcd.o
    0x08000738   0x00000138   Code   RO         3478    i.BSP_LCD_MspInit   stm32746g_discovery_lcd.o
    0x08000870   0x0000000c   Code   RO         3483    i.BSP_LCD_SelectLayer  stm32746g_discovery_lcd.o
    0x0800087c   0x0000001c   Code   RO         3487    i.BSP_LCD_SetFont   stm32746g_discovery_lcd.o
    0x08000898   0x0000000c   Code   RO         3495    i.BSP_LCD_SetTransparency  stm32746g_discovery_lcd.o
    0x080008a4   0x00000050   Code   RO         3237    i.BSP_LED_Init      stm32746g_discovery.o
    0x080008f4   0x00000078   Code   RO         3831    i.BSP_SDRAM_Init    stm32746g_discovery_sdram.o
    0x0800096c   0x0000008c   Code   RO         3832    i.BSP_SDRAM_Initialization_sequence  stm32746g_discovery_sdram.o
    0x080009f8   0x00000168   Code   RO         3834    i.BSP_SDRAM_MspInit  stm32746g_discovery_sdram.o
    0x08000b60   0x000000a0   Code   RO         2537    i.DMA2D_SetConfig   stm32f7xx_hal_dma2d.o
    0x08000c00   0x00000028   Code   RO          596    i.DMA_CalcBaseAndBitshift  stm32f7xx_hal_dma.o
    0x08000c28   0x00000054   Code   RO          597    i.DMA_CheckFifoParam  stm32f7xx_hal_dma.o
    0x08000c7c   0x000000b0   Code   RO         3499    i.DrawChar          stm32746g_discovery_lcd.o
    0x08000d2c   0x0000005e   Code   RO         2905    i.FMC_SDRAM_Init    stm32f7xx_ll_fmc.o
    0x08000d8a   0x0000000c   Code   RO         2906    i.FMC_SDRAM_ProgramRefreshRate  stm32f7xx_ll_fmc.o
    0x08000d96   0x00000048   Code   RO         2907    i.FMC_SDRAM_SendCommand  stm32f7xx_ll_fmc.o
    0x08000dde   0x00000002   PAD
    0x08000de0   0x0000008c   Code   RO         2909    i.FMC_SDRAM_Timing_Init  stm32f7xx_ll_fmc.o
    0x08000e6c   0x00000002   Code   RO          495    i.HAL_ADCEx_InjectedConvCpltCallback  stm32f7xx_hal_adc_ex.o
    0x08000e6e   0x00000002   PAD
    0x08000e70   0x00000164   Code   RO         2372    i.HAL_ADC_ConfigChannel  stm32f7xx_hal_adc.o
    0x08000fd4   0x00000048   Code   RO         3119    i.HAL_ADC_ConvCpltCallback  main.o
    0x0800101c   0x00000002   Code   RO         2376    i.HAL_ADC_ErrorCallback  stm32f7xx_hal_adc.o
    0x0800101e   0x00000006   Code   RO         2379    i.HAL_ADC_GetValue  stm32f7xx_hal_adc.o
    0x08001024   0x0000013c   Code   RO         2380    i.HAL_ADC_IRQHandler  stm32f7xx_hal_adc.o
    0x08001160   0x00000054   Code   RO         2381    i.HAL_ADC_Init      stm32f7xx_hal_adc.o
    0x080011b4   0x00000002   Code   RO         2382    i.HAL_ADC_LevelOutOfWindowCallback  stm32f7xx_hal_adc.o
    0x080011b6   0x00000002   PAD
    0x080011b8   0x00000068   Code   RO         3041    i.HAL_ADC_MspInit   stm32f7xx_hal_msp.o
    0x08001220   0x000000c4   Code   RO         2389    i.HAL_ADC_Start_IT  stm32f7xx_hal_adc.o
    0x080012e4   0x000000b8   Code   RO         2549    i.HAL_DMA2D_ConfigLayer  stm32f7xx_hal_dma2d.o
    0x0800139c   0x0000005a   Code   RO         2557    i.HAL_DMA2D_Init    stm32f7xx_hal_dma2d.o
    0x080013f6   0x00000002   Code   RO         2560    i.HAL_DMA2D_MspInit  stm32f7xx_hal_dma2d.o
    0x080013f8   0x0000010c   Code   RO         2561    i.HAL_DMA2D_PollForTransfer  stm32f7xx_hal_dma2d.o
    0x08001504   0x00000034   Code   RO         2564    i.HAL_DMA2D_Start   stm32f7xx_hal_dma2d.o
    0x08001538   0x00000056   Code   RO          601    i.HAL_DMA_DeInit    stm32f7xx_hal_dma.o
    0x0800158e   0x00000002   PAD
    0x08001590   0x000000e4   Code   RO          605    i.HAL_DMA_Init      stm32f7xx_hal_dma.o
    0x08001674   0x00000016   Code   RO          844    i.HAL_Delay         stm32f7xx_hal.o
    0x0800168a   0x00000002   PAD
    0x0800168c   0x000001d8   Code   RO          999    i.HAL_GPIO_Init     stm32f7xx_hal_gpio.o
    0x08001864   0x0000000a   Code   RO         1003    i.HAL_GPIO_WritePin  stm32f7xx_hal_gpio.o
    0x0800186e   0x00000002   PAD
    0x08001870   0x0000000c   Code   RO          852    i.HAL_GetTick       stm32f7xx_hal.o
    0x0800187c   0x00000010   Code   RO          853    i.HAL_IncTick       stm32f7xx_hal.o
    0x0800188c   0x00000016   Code   RO          854    i.HAL_Init          stm32f7xx_hal.o
    0x080018a2   0x00000002   PAD
    0x080018a4   0x00000028   Code   RO          855    i.HAL_InitTick      stm32f7xx_hal.o
    0x080018cc   0x00000052   Code   RO         1065    i.HAL_LTDC_ConfigLayer  stm32f7xx_hal_ltdc.o
    0x0800191e   0x00000006   Code   RO         1080    i.HAL_LTDC_GetState  stm32f7xx_hal_ltdc.o
    0x08001924   0x00000100   Code   RO         1082    i.HAL_LTDC_Init     stm32f7xx_hal_ltdc.o
    0x08001a24   0x000000b0   Code   RO         3043    i.HAL_LTDC_MspInit  stm32f7xx_hal_msp.o
    0x08001ad4   0x00000044   Code   RO         1091    i.HAL_LTDC_SetAlpha  stm32f7xx_hal_ltdc.o
    0x08001b18   0x00000058   Code   RO         3044    i.HAL_MspInit       stm32f7xx_hal_msp.o
    0x08001b70   0x00000016   Code   RO          707    i.HAL_NVIC_EnableIRQ  stm32f7xx_hal_cortex.o
    0x08001b86   0x00000002   PAD
    0x08001b88   0x00000040   Code   RO          713    i.HAL_NVIC_SetPriority  stm32f7xx_hal_cortex.o
    0x08001bc8   0x00000024   Code   RO          714    i.HAL_NVIC_SetPriorityGrouping  stm32f7xx_hal_cortex.o
    0x08001bec   0x000006b4   Code   RO          339    i.HAL_RCCEx_PeriphCLKConfig  stm32f7xx_hal_rcc_ex.o
    0x080022a0   0x00000164   Code   RO          147    i.HAL_RCC_ClockConfig  stm32f7xx_hal_rcc.o
    0x08002404   0x0000000c   Code   RO          152    i.HAL_RCC_GetHCLKFreq  stm32f7xx_hal_rcc.o
    0x08002410   0x00000030   Code   RO          154    i.HAL_RCC_GetPCLK1Freq  stm32f7xx_hal_rcc.o
    0x08002440   0x00000030   Code   RO          155    i.HAL_RCC_GetPCLK2Freq  stm32f7xx_hal_rcc.o
    0x08002470   0x00000084   Code   RO          156    i.HAL_RCC_GetSysClockFreq  stm32f7xx_hal_rcc.o
    0x080024f4   0x0000035c   Code   RO          159    i.HAL_RCC_OscConfig  stm32f7xx_hal_rcc.o
    0x08002850   0x00000042   Code   RO         2740    i.HAL_SDRAM_Init    stm32f7xx_hal_sdram.o
    0x08002892   0x00000002   Code   RO         2742    i.HAL_SDRAM_MspInit  stm32f7xx_hal_sdram.o
    0x08002894   0x00000022   Code   RO         2743    i.HAL_SDRAM_ProgramRefreshRate  stm32f7xx_hal_sdram.o
    0x080028b6   0x00000002   PAD
    0x080028b8   0x00000030   Code   RO         2749    i.HAL_SDRAM_SendCommand  stm32f7xx_hal_sdram.o
    0x080028e8   0x00000018   Code   RO          716    i.HAL_SYSTICK_CLKSourceConfig  stm32f7xx_hal_cortex.o
    0x08002900   0x00000002   Code   RO          717    i.HAL_SYSTICK_Callback  stm32f7xx_hal_cortex.o
    0x08002902   0x00000026   Code   RO          718    i.HAL_SYSTICK_Config  stm32f7xx_hal_cortex.o
    0x08002928   0x00000008   Code   RO          719    i.HAL_SYSTICK_IRQHandler  stm32f7xx_hal_cortex.o
    0x08002930   0x0000006a   Code   RO         2011    i.HAL_UART_Init     stm32f7xx_hal_uart.o
    0x0800299a   0x00000002   PAD
    0x0800299c   0x00000060   Code   RO         3046    i.HAL_UART_MspInit  stm32f7xx_hal_msp.o
    0x080029fc   0x00000058   Code   RO         3120    i.LCD_Init          main.o
    0x08002a54   0x00000080   Code   RO         3502    i.LL_FillBuffer     stm32746g_discovery_lcd.o
    0x08002ad4   0x000001d0   Code   RO         1101    i.LTDC_SetConfig    stm32f7xx_hal_ltdc.o
    0x08002ca4   0x00000568   Code   RO         3121    i.MX_GPIO_Init      main.o
    0x0800320c   0x000000c0   Code   RO         3122    i.MX_LTDC_Init      main.o
    0x080032cc   0x00000038   Code   RO         3123    i.MX_USART1_UART_Init  main.o
    0x08003304   0x00000022   Code   RO          720    i.NVIC_SetPriority  stm32f7xx_hal_cortex.o
    0x08003326   0x0000000e   Code   RO         3188    i.SysTick_Handler   stm32f7xx_it.o
    0x08003334   0x000000c0   Code   RO         3124    i.SystemClock_Config  main.o
    0x080033f4   0x00000054   Code   RO            5    i.SystemInit        system_stm32f7xx.o
    0x08003448   0x000000c8   Code   RO         2024    i.UART_AdvFeatureConfig  stm32f7xx_hal_uart.o
    0x08003510   0x00000040   Code   RO         2025    i.UART_CheckIdleState  stm32f7xx_hal_uart.o
    0x08003550   0x00000258   Code   RO         2035    i.UART_SetConfig    stm32f7xx_hal_uart.o
    0x080037a8   0x00000064   Code   RO         2036    i.UART_WaitOnFlagUntilTimeout  stm32f7xx_hal_uart.o
    0x0800380c   0x00000028   Code   RO         3966    i.__0sprintf$1      mc_w.l(printf1.o)
    0x08003834   0x0000000e   Code   RO         4226    i.__scatterload_copy  mc_w.l(handlers.o)
    0x08003842   0x00000002   Code   RO         4227    i.__scatterload_null  mc_w.l(handlers.o)
    0x08003844   0x0000000e   Code   RO         4228    i.__scatterload_zeroinit  mc_w.l(handlers.o)
    0x08003852   0x00000002   PAD
    0x08003854   0x00000154   Code   RO         3971    i._printf_core      mc_w.l(printf1.o)
    0x080039a8   0x0000000a   Code   RO         3973    i._sputc            mc_w.l(printf1.o)
    0x080039b2   0x00000002   PAD
    0x080039b4   0x0000008c   Code   RO         3126    i.main              main.o
    0x08003a40   0x00000010   Data   RO            6    .constdata          system_stm32f7xx.o
    0x08003a50   0x00000008   Data   RO            7    .constdata          system_stm32f7xx.o
    0x08003a58   0x00000008   Data   RO          611    .constdata          stm32f7xx_hal_dma.o
    0x08003a60   0x00000018   Data   RO         3262    .constdata          stm32746g_discovery.o
    0x08003a78   0x00001ab8   Data   RO         3504    .constdata          stm32746g_discovery_lcd.o
    0x08005530   0x00000020   Data   RO         4224    Region$$Table       anon$$obj.o


    Execution Region RW_IRAM1 (Base: 0x20000000, Size: 0x00000838, Max: 0x00050000, ABSOLUTE)

    Base Addr    Size         Type   Attr      Idx    E Section Name        Object

    0x20000000   0x00000004   Data   RW            8    .data               system_stm32f7xx.o
    0x20000004   0x00000004   Data   RW          860    .data               stm32f7xx_hal.o
    0x20000008   0x00000004   Data   RW         3128    .data               main.o
    0x2000000c   0x0000000c   Data   RW         3509    .data               stm32746g_discovery_lcd.o
    0x20000018   0x00000002   Data   RW         3841    .data               stm32746g_discovery_sdram.o
    0x2000001a   0x00000002   PAD
    0x2000001c   0x00000174   Zero   RW         3127    .bss                main.o
    0x20000190   0x00000184   Zero   RW         3503    .bss                stm32746g_discovery_lcd.o
    0x20000314   0x00000120   Zero   RW         3840    .bss                stm32746g_discovery_sdram.o
    0x20000434   0x00000004   PAD
    0x20000438   0x00000400   Zero   RW         3218    STACK               startup_stm32f746xx.o


==============================================================================

Image component sizes


      Code (inc. data)   RO Data    RW Data    ZI Data      Debug   Object Name

      2124        134          0          4        372       6592   main.o
        36          8        456          0       1024        820   startup_stm32f746xx.o
        80         12         24          0          0       7869   stm32746g_discovery.o
      1564        180       6840         12        388      20546   stm32746g_discovery_lcd.o
       620         56          0          2        288       4476   stm32746g_discovery_sdram.o
       112         18          0          4          0       3875   stm32f7xx_hal.o
      1274         44          0          0          0       6397   stm32f7xx_hal_adc.o
         2          0          0          0          0       1009   stm32f7xx_hal_adc_ex.o
       228         12          0          0          0      37357   stm32f7xx_hal_cortex.o
       438         12          8          0          0       3752   stm32f7xx_hal_dma.o
       756          8          0          0          0       6927   stm32f7xx_hal_dma2d.o
       482         54          0          0          0       2620   stm32f7xx_hal_gpio.o
       876          4          0          0          0       4635   stm32f7xx_hal_ltdc.o
       464         62          0          0          0       3002   stm32f7xx_hal_msp.o
      1456         74          0          0          0       5780   stm32f7xx_hal_rcc.o
      1716         16          0          0          0       2448   stm32f7xx_hal_rcc_ex.o
       150          0          0          0          0       3340   stm32f7xx_hal_sdram.o
      1070         70          0          0          0       5137   stm32f7xx_hal_uart.o
        26          6          0          0          0        979   stm32f7xx_it.o
       318          6          0          0          0       3612   stm32f7xx_ll_fmc.o
        84         16         24          4          0     827187   system_stm32f7xx.o

    ----------------------------------------------------------------------
     13896        792       7384         28       2076     958360   Object Totals
         0          0         32          0          0          0   (incl. Generated)
        20          0          0          2          4          0   (incl. Padding)

    ----------------------------------------------------------------------

      Code (inc. data)   RO Data    RW Data    ZI Data      Debug   Library Member Name

         0          0          0          0          0          0   entry.o
         0          0          0          0          0          0   entry10a.o
         0          0          0          0          0          0   entry11a.o
         8          4          0          0          0          0   entry2.o
         4          0          0          0          0          0   entry5.o
         0          0          0          0          0          0   entry7b.o
         0          0          0          0          0          0   entry8b.o
         8          4          0          0          0          0   entry9a.o
        30          0          0          0          0          0   handlers.o
        36          8          0          0          0         68   init.o
        36          0          0          0          0         68   memcpya.o
       390         10          0          0          0        252   printf1.o
        44          0          0          0          0         80   uidiv.o

    ----------------------------------------------------------------------
       560         26          0          0          0        468   Library Totals
         4          0          0          0          0          0   (incl. Padding)

    ----------------------------------------------------------------------

      Code (inc. data)   RO Data    RW Data    ZI Data      Debug   Library Name

       556         26          0          0          0        468   mc_w.l

    ----------------------------------------------------------------------
       560         26          0          0          0        468   Library Totals

    ----------------------------------------------------------------------

==============================================================================


      Code (inc. data)   RO Data    RW Data    ZI Data      Debug   

     14456        818       7384         28       2076     949976   Grand Totals
     14456        818       7384         28       2076     949976   ELF Image Totals
     14456        818       7384         28          0          0   ROM Totals

==============================================================================

    Total RO  Size (Code + RO Data)                21840 (  21.33kB)
    Total RW  Size (RW Data + ZI Data)              2104 (   2.05kB)
    Total ROM Size (Code + RO Data + RW Data)      21868 (  21.36kB)

==============================================================================

